2025-05-31 02:21:52,234 - DEBUG - Loaded recipient groups from .recipients.test: {'admins': ['andyxuan2010@gmail.com'], 'students': ['andyxuan2010@gmail.com'], 'sms': ['5146888844@txt.bell.ca']}
2025-05-31 02:21:52,237 - DEBUG - Starting monitor run...
2025-05-31 02:21:52,240 - DEBUG - Checking target: UdeM Med-P Montreal WL (pdf)
2025-05-31 02:21:52,244 - DEBUG - keywords=1-450-4-0, Médecine (Année préparatoire au doctorat) - Campus Montréal, Collégiens
2025-05-31 02:21:52,252 - DEBUG - Downloading PDF from https://admission.umontreal.ca/fileadmin/fichiers/documents/liste_attente/LA.pdf to udem_medp_montreal.pdf
2025-05-31 02:21:52,283 - DEBUG - Starting new HTTPS connection (1): admission.umontreal.ca:443
2025-05-31 02:21:52,355 - DEBUG - https://admission.umontreal.ca:443 "GET /fileadmin/fichiers/documents/liste_attente/LA.pdf HTTP/11" 307 241
2025-05-31 02:21:52,378 - DEBUG - https://admission.umontreal.ca:443 "GET / HTTP/11" 200 38917
2025-05-31 02:21:52,633 - ERROR - Error processing UdeM Med-P Montreal WL: Failed to open file 'udem_medp_montreal.pdf'.
2025-05-31 02:21:52,638 - DEBUG - Sending email to admins: ['andyxuan2010@gmail.com'] with BCC to recipients: ['andyxuan2010@gmail.com']
2025-05-31 02:21:52,641 - DEBUG - Also sending SMS notification to: []
2025-05-31 02:21:55,839 - INFO - Subject: Error in UdeM Med-P Montreal WL | Sending to: ['andyxuan2010@gmail.com']
2025-05-31 02:21:55,859 - DEBUG - Checking target: UdeM Med-P Mauricie WL (pdf)
2025-05-31 02:21:55,861 - DEBUG - keywords=1-450-4-9, Médecine (Année préparatoire au doctorat) - Campus Mauricie, Collégiens
2025-05-31 02:21:55,867 - DEBUG - Downloading PDF from https://admission.umontreal.ca/fileadmin/fichiers/documents/liste_attente/LA.pdf to udem_medp_mauricie.pdf
2025-05-31 02:21:55,871 - DEBUG - Starting new HTTPS connection (1): admission.umontreal.ca:443
2025-05-31 02:21:55,927 - DEBUG - https://admission.umontreal.ca:443 "GET /fileadmin/fichiers/documents/liste_attente/LA.pdf HTTP/11" 307 241
2025-05-31 02:21:55,949 - DEBUG - https://admission.umontreal.ca:443 "GET / HTTP/11" 200 38917
2025-05-31 02:21:56,183 - ERROR - Error processing UdeM Med-P Mauricie WL: Failed to open file 'udem_medp_mauricie.pdf'.
2025-05-31 02:21:56,187 - DEBUG - Sending email to admins: ['andyxuan2010@gmail.com'] with BCC to recipients: ['andyxuan2010@gmail.com']
2025-05-31 02:21:56,189 - DEBUG - Also sending SMS notification to: []
2025-05-31 02:21:59,407 - INFO - Subject: Error in UdeM Med-P Mauricie WL | Sending to: ['andyxuan2010@gmail.com']
2025-05-31 02:21:59,424 - DEBUG - Checking target: McGill Med-P WL (html_table_row)
2025-05-31 02:21:59,429 - DEBUG - Parsing HTML table at https://www.mcgill.ca/medadmissions/after-youve-applied/waitlist-post-interview for keyword 'Med-P'
2025-05-31 02:21:59,434 - DEBUG - Starting new HTTPS connection (1): www.mcgill.ca:443
2025-05-31 02:21:59,517 - DEBUG - https://www.mcgill.ca:443 "GET /medadmissions/after-youve-applied/waitlist-post-interview HTTP/11" 200 None
2025-05-31 02:21:59,534 - DEBUG - Table: Applicant PoolNext potential offer*Date of latest offerQuebec University#11 (Montreal);#11 (Outaouais)May 27, 2025May 27, 2025Out of Province Canadians#4May 24, 2025International#1Quebec Resident: International Medical Graduate (Advanced Standing) - IMG-2ClosedMed-P#31 (Montreal);#46 (Outaouais)May 28, 2025May 30, 2025
2025-05-31 02:21:59,540 - DEBUG - Row: Applicant PoolNext potential offer*Date of latest offer
2025-05-31 02:21:59,546 - DEBUG - Normalized Cell Text: applicant pool
2025-05-31 02:21:59,552 - DEBUG - Row: Quebec University#11 (Montreal);#11 (Outaouais)May 27, 2025May 27, 2025
2025-05-31 02:21:59,555 - DEBUG - Normalized Cell Text: quebec university
2025-05-31 02:21:59,559 - DEBUG - Row: Out of Province Canadians#4May 24, 2025
2025-05-31 02:21:59,562 - DEBUG - Normalized Cell Text: out of province canadians
2025-05-31 02:21:59,569 - DEBUG - Row: International#1
2025-05-31 02:21:59,574 - DEBUG - Normalized Cell Text: international
2025-05-31 02:21:59,580 - DEBUG - Row: Quebec Resident: International Medical Graduate (Advanced Standing) - IMG-2Closed
2025-05-31 02:21:59,587 - DEBUG - Normalized Cell Text: quebec resident: international medical graduate (advanced standing) - img-2
2025-05-31 02:21:59,595 - DEBUG - Row: Med-P#31 (Montreal);#46 (Outaouais)May 28, 2025May 30, 2025
2025-05-31 02:21:59,599 - DEBUG - Normalized Cell Text: med-p
2025-05-31 02:21:59,604 - INFO - Match found: med-p | 
#31 (Montreal);
#46 (Outaouais)

2025-05-31 02:21:59,697 - DEBUG - Checking target: UdeS Med-P WL (html_table_row)
2025-05-31 02:21:59,700 - DEBUG - Parsing HTML table at https://www.usherbrooke.ca/etudes-medecine/programmes-detudes/doctorat-en-medecine/admission/suivi-des-admissions for keyword 'Contingent québécois, catégorie collégiale'
2025-05-31 02:21:59,703 - DEBUG - Starting new HTTPS connection (1): www.usherbrooke.ca:443
2025-05-31 02:21:59,872 - DEBUG - https://www.usherbrooke.ca:443 "GET /etudes-medecine/programmes-detudes/doctorat-en-medecine/admission/suivi-des-admissions HTTP/11" 200 None
2025-05-31 02:21:59,955 - DEBUG - Table: Groupe d'admissionRang sur la liste d'excellenceContingent québécois, catégorie collégialeSherbrooke : 306eMontérégie : 222eSaguenay : 375eContingent québécois, catégorie collégiale (Voie médecine pour la diversité socioéconomique)Voie médecine : 7eContingent québécois, catégorie universitaireSherbrooke : 76eMontérégie : 17eSaguenay : 106Contingent québécois, catégorie universitaire (profils particuliers)Marché du travail : 4eSciences humaines et sociales : 2eDoctorat de recherche : 1erContingent du Nouveau-Brunswick, catégorie DSS25eContingent du Nouveau-Brunswick, catégorie universitaire8eContingent de la Nouvelle-Écosse3eContingent des personnes hors Québec et hors des contingents de l'Atlantique2eContingent de l'Île-du-Prince-Édouard1erContingent international1erContingent du programme militaire d'études en médecineS.O.
2025-05-31 02:21:59,959 - DEBUG - Row: Groupe d'admissionRang sur la liste d'excellence
2025-05-31 02:21:59,962 - DEBUG - Normalized Cell Text: groupe d'admission
2025-05-31 02:21:59,966 - DEBUG - Row: Contingent québécois, catégorie collégialeSherbrooke : 306eMontérégie : 222eSaguenay : 375e
2025-05-31 02:21:59,969 - DEBUG - Normalized Cell Text: contingent quebecois, categorie collegiale
2025-05-31 02:21:59,977 - INFO - Match found: contingent quebecois, categorie collegiale | Sherbrooke : 306eMontérégie : 222eSaguenay : 375e
2025-05-31 02:22:00,062 - DEBUG - Sending email to admins: ['andyxuan2010@gmail.com'] with BCC to recipients: ['andyxuan2010@gmail.com']
2025-05-31 02:22:00,065 - DEBUG - Also sending SMS notification to: ['5146888844@txt.bell.ca']
2025-05-31 02:22:03,252 - INFO - Subject: Med-P Waiting List Update Report – students | Sending to: ['andyxuan2010@gmail.com']
2025-05-31 02:26:26,317 - DEBUG - Loaded recipient groups from .recipients.test: {'admins': ['andyxuan2010@gmail.com'], 'students': ['andyxuan2010@gmail.com'], 'sms': ['5146888844@txt.bell.ca']}
2025-05-31 02:26:26,320 - DEBUG - Starting monitor run...
2025-05-31 02:26:26,323 - DEBUG - Checking target: UdeM Med-P Montreal WL (pdf)
2025-05-31 02:26:26,330 - DEBUG - keywords=1-450-4-0, Médecine (Année préparatoire au doctorat) - Campus Montréal, Collégiens
2025-05-31 02:26:26,335 - DEBUG - Downloading PDF from https://admission.umontreal.ca/fileadmin/fichiers/documents/liste_attente/LA.pdf to udem_medp_montreal.pdf
2025-05-31 02:26:26,351 - DEBUG - Starting new HTTPS connection (1): admission.umontreal.ca:443
2025-05-31 02:26:26,429 - DEBUG - https://admission.umontreal.ca:443 "GET /fileadmin/fichiers/documents/liste_attente/LA.pdf HTTP/11" 307 241
2025-05-31 02:26:26,459 - DEBUG - https://admission.umontreal.ca:443 "GET / HTTP/11" 200 38917
2025-05-31 02:26:26,718 - ERROR - Error processing UdeM Med-P Montreal WL: Failed to open file 'udem_medp_montreal.pdf'.
2025-05-31 02:26:26,721 - DEBUG - Checking target: UdeM Med-P Mauricie WL (pdf)
2025-05-31 02:26:26,725 - DEBUG - keywords=1-450-4-9, Médecine (Année préparatoire au doctorat) - Campus Mauricie, Collégiens
2025-05-31 02:26:26,731 - DEBUG - Downloading PDF from https://admission.umontreal.ca/fileadmin/fichiers/documents/liste_attente/LA.pdf to udem_medp_mauricie.pdf
2025-05-31 02:26:26,736 - DEBUG - Starting new HTTPS connection (1): admission.umontreal.ca:443
2025-05-31 02:26:26,802 - DEBUG - https://admission.umontreal.ca:443 "GET /fileadmin/fichiers/documents/liste_attente/LA.pdf HTTP/11" 307 241
2025-05-31 02:26:26,820 - DEBUG - https://admission.umontreal.ca:443 "GET / HTTP/11" 200 38917
2025-05-31 02:26:27,039 - ERROR - Error processing UdeM Med-P Mauricie WL: Failed to open file 'udem_medp_mauricie.pdf'.
2025-05-31 02:26:27,043 - DEBUG - Checking target: McGill Med-P WL (html_table_row)
2025-05-31 02:26:27,048 - DEBUG - Parsing HTML table at https://www.mcgill.ca/medadmissions/after-youve-applied/waitlist-post-interview for keyword 'Med-P'
2025-05-31 02:26:27,057 - DEBUG - Starting new HTTPS connection (1): www.mcgill.ca:443
2025-05-31 02:26:27,453 - DEBUG - https://www.mcgill.ca:443 "GET /medadmissions/after-youve-applied/waitlist-post-interview HTTP/11" 200 12345
2025-05-31 02:26:27,470 - DEBUG - Table: Applicant PoolNext potential offer*Date of latest offerQuebec University#11 (Montreal);#11 (Outaouais)May 27, 2025May 27, 2025Out of Province Canadians#4May 24, 2025International#1Quebec Resident: International Medical Graduate (Advanced Standing) - IMG-2ClosedMed-P#31 (Montreal);#46 (Outaouais)May 28, 2025May 30, 2025
2025-05-31 02:26:27,473 - DEBUG - Row: Applicant PoolNext potential offer*Date of latest offer
2025-05-31 02:26:27,479 - DEBUG - Normalized Cell Text: applicant pool
2025-05-31 02:26:27,485 - DEBUG - Row: Quebec University#11 (Montreal);#11 (Outaouais)May 27, 2025May 27, 2025
2025-05-31 02:26:27,492 - DEBUG - Normalized Cell Text: quebec university
2025-05-31 02:26:27,499 - DEBUG - Row: Out of Province Canadians#4May 24, 2025
2025-05-31 02:26:27,512 - DEBUG - Normalized Cell Text: out of province canadians
2025-05-31 02:26:27,519 - DEBUG - Row: International#1
2025-05-31 02:26:27,523 - DEBUG - Normalized Cell Text: international
2025-05-31 02:26:27,529 - DEBUG - Row: Quebec Resident: International Medical Graduate (Advanced Standing) - IMG-2Closed
2025-05-31 02:26:27,536 - DEBUG - Normalized Cell Text: quebec resident: international medical graduate (advanced standing) - img-2
2025-05-31 02:26:27,540 - DEBUG - Row: Med-P#31 (Montreal);#46 (Outaouais)May 28, 2025May 30, 2025
2025-05-31 02:26:27,547 - DEBUG - Normalized Cell Text: med-p
2025-05-31 02:26:27,554 - INFO - Match found: med-p | 
#31 (Montreal);
#46 (Outaouais)

2025-05-31 02:26:27,609 - DEBUG - Checking target: UdeS Med-P WL (html_table_row)
2025-05-31 02:26:27,613 - DEBUG - Parsing HTML table at https://www.usherbrooke.ca/etudes-medecine/programmes-detudes/doctorat-en-medecine/admission/suivi-des-admissions for keyword 'Contingent québécois, catégorie collégiale'
2025-05-31 02:26:27,617 - DEBUG - Starting new HTTPS connection (1): www.usherbrooke.ca:443
2025-05-31 02:26:27,787 - DEBUG - https://www.usherbrooke.ca:443 "GET /etudes-medecine/programmes-detudes/doctorat-en-medecine/admission/suivi-des-admissions HTTP/11" 200 None
2025-05-31 02:26:27,878 - DEBUG - Table: Groupe d'admissionRang sur la liste d'excellenceContingent québécois, catégorie collégialeSherbrooke : 306eMontérégie : 222eSaguenay : 375eContingent québécois, catégorie collégiale (Voie médecine pour la diversité socioéconomique)Voie médecine : 7eContingent québécois, catégorie universitaireSherbrooke : 76eMontérégie : 17eSaguenay : 106Contingent québécois, catégorie universitaire (profils particuliers)Marché du travail : 4eSciences humaines et sociales : 2eDoctorat de recherche : 1erContingent du Nouveau-Brunswick, catégorie DSS25eContingent du Nouveau-Brunswick, catégorie universitaire8eContingent de la Nouvelle-Écosse3eContingent des personnes hors Québec et hors des contingents de l'Atlantique2eContingent de l'Île-du-Prince-Édouard1erContingent international1erContingent du programme militaire d'études en médecineS.O.
2025-05-31 02:26:27,885 - DEBUG - Row: Groupe d'admissionRang sur la liste d'excellence
2025-05-31 02:26:27,893 - DEBUG - Normalized Cell Text: groupe d'admission
2025-05-31 02:26:27,901 - DEBUG - Row: Contingent québécois, catégorie collégialeSherbrooke : 306eMontérégie : 222eSaguenay : 375e
2025-05-31 02:26:27,908 - DEBUG - Normalized Cell Text: contingent quebecois, categorie collegiale
2025-05-31 02:26:27,918 - INFO - Match found: contingent quebecois, categorie collegiale | Sherbrooke : 306eMontérégie : 222eSaguenay : 375e
2025-05-31 02:26:27,978 - DEBUG - Sending email to admins: ['andyxuan2010@gmail.com'] with BCC to recipients: ['andyxuan2010@gmail.com']
2025-05-31 02:26:27,984 - DEBUG - Also sending SMS notification to: ['5146888844@txt.bell.ca']
2025-05-31 02:26:31,275 - INFO - Subject: Med-P Waiting List Update Report – students | Sending to: ['andyxuan2010@gmail.com']
2025-05-31 12:34:59,096 - DEBUG - Loaded recipient groups from .recipients.test: {'admins': ['andyxuan2010@gmail.com'], 'students': ['andyxuan2010@gmail.com'], 'sms': ['5146888844@txt.bell.ca']}
2025-05-31 12:34:59,116 - DEBUG - Starting monitor run...
2025-05-31 12:34:59,117 - DEBUG - Checking target: UdeM Med-P Montreal WL (pdf)
2025-05-31 12:34:59,126 - DEBUG - keywords=1-450-4-0, Médecine (Année préparatoire au doctorat) - Campus Montréal, Collégiens
2025-05-31 12:34:59,126 - DEBUG - Downloading PDF from https://admission.umontreal.ca/fileadmin/fichiers/documents/liste_attente/LA.pdf to udem_medp_montreal.pdf
2025-05-31 12:34:59,149 - DEBUG - Starting new HTTPS connection (1): admission.umontreal.ca:443
2025-05-31 12:34:59,227 - DEBUG - https://admission.umontreal.ca:443 "GET /fileadmin/fichiers/documents/liste_attente/LA.pdf HTTP/11" 200 227846
2025-05-31 12:34:59,846 - DEBUG - Extracted 290 lines from page page 0 of udem_medp_montreal.pdf
2025-05-31 12:34:59,866 - DEBUG - Extracted 176 lines from page page 1 of udem_medp_montreal.pdf
2025-05-31 12:34:59,871 - DEBUG - Searching for keyword '1-450-4-0' in PDF text lines ['Voir:', 'https://admission.umontreal.ca/admission/apres-la-demande/recevoir-une-reponse/', 'LÉGENDE', '0', 'Aucune offre n’a été faite aux candidats en liste d’attente.', 'Fermée', 'Fermeture de la liste d’attente', 'Tous', 'Tous les candidats de la liste d’attente ont reçu une offre.', 'Le dernier candidat ayant reçu une offre d’admission avait le rang :', 'Code', 'Programme', 'Catégorie', 'Rang', '1-010-1-3', 'Architecture (Baccalauréat)', 'Collégiens', '6', '1-010-1-3', 'Architecture (Baccalauréat)', 'Techniciens', '1', '1-010-1-3', 'Architecture (Baccalauréat)', 'Universitaires', '5', '1-020-1-0', 'Architecture de paysage (Baccalauréat)', 'Collégiens', '0', '1-020-1-0', 'Architecture de paysage (Baccalauréat)', 'Universitaires', '0', '1-465-1-1', 'Biochimie/méd. molécul. (Baccalauréat)', 'Collégiens', '21', '1-465-1-1', 'Biochimie/méd. molécul. (Baccalauréat)', 'Universitaires', '4', '1-171-1-2', 'Cinéma et arts médiatiques (Baccalauréat)', 'Collégiens', '0', '1-171-1-2', 'Cinéma et arts médiatiques (Baccalauréat)', 'Universitaires', '0', '1-065-1-0', 'Criminologie (Baccalauréat)', 'Collégiens', '11', '1-065-1-0', 'Criminologie (Baccalauréat)', 'Transferts', '1', '1-065-1-0', 'Criminologie (Baccalauréat)', 'Universitaires', '7', '1-065-4-0', 'Criminologie (Mineure)', 'Collégiens', '2', '1-065-4-0', 'Criminologie (Mineure)', 'Universitaires', '0', '1-021-4-0', 'Design des jardins (Mineure)', 'Collégiens', '0', '1-021-4-0', 'Design des jardins (Mineure)', 'Universitaires', '0', '1-016-1-0', "Design d'intérieur (Baccalauréat)", 'Collégiens', '7', '1-016-1-0', "Design d'intérieur (Baccalauréat)", 'Universitaires', '7', '1-015-1-0', 'Design industriel (Baccalauréat)', 'Collégiens', '0', '1-015-1-0', 'Design industriel (Baccalauréat)', 'Universitaires', '0', '1-325-1-0', 'Droit (Baccalauréat)', 'Collégiens', '49', '1-325-1-0', 'Droit (Baccalauréat)', 'Diversité', '1', '1-325-1-0', 'Droit (Baccalauréat)', 'Universitaires', '58', '1-822-1-0', 'Éduc. physique et santé (Baccalauréat)', 'Collégiens', '10', '1-822-1-0', 'Éduc. physique et santé (Baccalauréat)', 'Universitaires', '2', '1-740-1-1', 'Ergothérapie (Baccalauréat)', 'Collégiens', '37', '1-740-1-1', 'Ergothérapie (Baccalauréat)', 'Nouveau-Brunswick', '0', '1-740-1-1', 'Ergothérapie (Baccalauréat)', 'Universitaires', '13', '1-960-1-3', 'Études internationales (Baccalauréat)', 'Collégiens', '0', '1-960-1-3', 'Études internationales (Baccalauréat)', 'Universitaires', '0', '1-352-1-0', 'Kinésiologie (Baccalauréat)', 'Collégiens', '90', '1-352-1-0', 'Kinésiologie (Baccalauréat)', 'Universitaires', '18', '1-450-4-9', 'Médecine (Année préparatoire au doctorat) - Campus Mauricie', 'Collégiens', '50', '1-450-4-9', 'Médecine (Année préparatoire au doctorat) - Campus Mauricie', 'Universitaires bacheliers', '17', '1-450-4-0', 'Médecine (Année préparatoire au doctorat) - Campus Montréal', 'Collégiens', '39', '1-450-4-0', 'Médecine (Année préparatoire au doctorat) - Campus Montréal', 'Collégiens Accès médecine', '0', '1-450-4-0', 'Médecine (Année préparatoire au doctorat) - Campus Montréal', 'Nouveau-Brunswick', 'Tous (3)', '1-450-4-0', 'Médecine (Année préparatoire au doctorat) - Campus Montréal', 'Universitaires bacheliers', '0', '1-450-1-9', 'Médecine (Doctorat de 1er cycle) - Campus Mauricie', 'Universitaires bacheliers', '22', '1-450-4-0', 'Médecine (Doctorat de 1er cycle) - Campus Montréal', 'Candidat international', '0', '1-450-4-0', 'Médecine (Doctorat de 1er cycle) - Campus Montréal', 'Universitaires avec doctorat de recherche', '0', '1-450-4-0', 'Médecine (Doctorat de 1er cycle) - Campus Montréal', 'Universitaires bacheliers', '18', '1-300-1-0', 'Médecine dentaire (Doctorat de 1er cycle)', 'Collégiens', '0', '1-300-1-0', 'Médecine dentaire (Doctorat de 1er cycle)', 'Nouveau-Brunswick', '0', '1-300-1-0', 'Médecine dentaire (Doctorat de 1er cycle)', 'Universitaires', '0', '1-580-1-9', 'Médecine vétérinaire (Doctorat de 1er cycle) - Campus Rimouski', 'Collégiens', '0', '1-580-1-9', 'Médecine vétérinaire (Doctorat de 1er cycle) - Campus Rimouski', 'Nouveau-Brunswick', '0', '1-580-1-9', 'Médecine vétérinaire (Doctorat de 1er cycle) - Campus Rimouski', 'Universitaires', '0', '1-580-1-0', 'Médecine vétérinaire (Doctorat de 1er cycle) - Campus Saint-Hyacinthe', 'Collégiens', '0', '1-580-1-0', 'Médecine vétérinaire (Doctorat de 1er cycle) - Campus Saint-Hyacinthe', 'Nouveau-Brunswick', '0', '1-580-1-0', 'Médecine vétérinaire (Doctorat de 1er cycle) - Campus Saint-Hyacinthe', 'Universitaires', '0', '1-580-1-0', "Médecine vétérinaire (Doctorat de 1er cycle) - Liste d'attente commune aux 2 campus", 'Collégiens', '0', '1-580-1-0', "Médecine vétérinaire (Doctorat de 1er cycle) - Liste d'attente commune aux 2 campus", 'Collégiens - Commun', '0', '1-580-1-0', "Médecine vétérinaire (Doctorat de 1er cycle) - Liste d'attente commune aux 2 campus", 'Nouveau-Brunswick', '0', '1-580-1-0', "Médecine vétérinaire (Doctorat de 1er cycle) - Liste d'attente commune aux 2 campus", 'Nouveau-Brunswick  - Commun', '0', '1-580-1-0', "Médecine vétérinaire (Doctorat de 1er cycle) - Liste d'attente commune aux 2 campus", 'Universitaires', '0', '1-580-1-0', "Médecine vétérinaire (Doctorat de 1er cycle) - Liste d'attente commune aux 2 campus", 'Universitaires  - Commun', '0', '1-500-1-0', 'Microbiologie et immunologie (Baccalauréat)', 'Collégiens', '0', '1-500-1-0', 'Microbiologie et immunologie (Baccalauréat)', 'Universitaires', '0', '1-220-1-2', 'Neuroscience cognitive (Baccalauréat)', 'Collégiens', '0', '1-220-1-2', 'Neuroscience cognitive (Baccalauréat)', 'Universitaires', '0', '1-530-1-0', 'Neurosciences (Baccalauréat)', 'Collégiens', '27', '1-530-1-0', 'Neurosciences (Baccalauréat)', 'Universitaires', '3', '1-320-1-0', 'Nutrition (Baccalauréat)', 'Collégiens', '16', '1-320-1-0', 'Nutrition (Baccalauréat)', 'Universitaires', '15', '1-655-1-8', 'Optométrie (Actualisation)', 'Candidats ayant passé le TECCO', '0', '1-655-1-8', 'Optométrie (Actualisation)', "Titulaires d'une maîtrise en sciences de la vision", "de l'École d'optométrie de l'UdeM", '0', 'LISTES D’ATTENTE', 'Automne 2025', 'Avertissement : Pour être valide, une offre d’admission doit être signifiée par le Service de l’admission dans votre Centre étudiant.', 'Afin d’éviter des désagréments, il est recommandé d’attendre la réception de cette offre avant d’entreprendre toute démarche.', 'Université de Montréal', '2025-05-29', 'Page 1', 'Code', 'Programme', 'Catégorie', 'Rang', '1-655-1-1', 'Optométrie (Doctorat de 1er cycle)', 'Collégiens', '8', '1-655-1-1', 'Optométrie (Doctorat de 1er cycle)', 'Collégiens - régions éloignées', 'Fermée (0)', '1-655-1-1', 'Optométrie (Doctorat de 1er cycle)', 'Nouveau-Brunswick', '0', '1-655-1-1', 'Optométrie (Doctorat de 1er cycle)', 'Ontario', '0', '1-655-1-1', 'Optométrie (Doctorat de 1er cycle)', 'Universitaires', '8', '1-655-1-1', 'Optométrie (Doctorat de 1er cycle)', 'Universitaires - régions éloignées', 'Fermée (0)', '1-675-1-1', 'Pharmacie (Doctorat de 1er cycle)', 'Collégien', '65', '1-675-1-1', 'Pharmacie (Doctorat de 1er cycle)', 'Nouveau-Brunswick', '0', '1-675-1-1', 'Pharmacie (Doctorat de 1er cycle)', 'Ontario', '0', '1-675-1-1', 'Pharmacie (Doctorat de 1er cycle)', 'Universitaire', '18', '1-745-1-1', 'Physiothérapie (Baccalauréat)', 'Collégiens', '0', '1-745-1-1', 'Physiothérapie (Baccalauréat)', 'Entente N.-B.', '3', '1-745-1-1', 'Physiothérapie (Baccalauréat)', 'Techniciens en physiothérapie', '1', '1-745-1-1', 'Physiothérapie (Baccalauréat)', 'Universitaires', '0', '1-210-1-0', 'Psychoéducation (Baccalauréat)', 'Collégiens', '34', '1-210-1-0', 'Psychoéducation (Baccalauréat)', 'Universitaires', '8', '1-210-4-0', 'Psychoéducation (Mineure)', 'Collégiens', '0', '1-210-4-0', 'Psychoéducation (Mineure)', 'Universitaires', '0', '1-220-1-0', 'Psychologie (Baccalauréat)', 'Collégiens', '0', '1-220-1-0', 'Psychologie (Baccalauréat)', 'Universitaires', '0', '1-675-1-2', 'Qualification en Pharmacie', 'Diplômés dans la discipline', '0', '1-675-1-8', 'Qualification en Pharmacie- année préparatoire', 'Diplômés dans la discipline-formation', 'préparatoire', '0', '1-235-1-0', 'Sciences biologiques (Baccalauréat)', 'Collégiens', '10', '1-235-1-0', 'Sciences biologiques (Baccalauréat)', 'Universitaires', '4', '1-235-2-0', 'Sciences biologiques (Majeure)', 'Collégiens', '0', '1-235-2-0', 'Sciences biologiques (Majeure)', 'Universitaires', '0', '1-235-4-0', 'Sciences biologiques (Mineure)', 'Collégiens', '0', '1-235-4-0', 'Sciences biologiques (Mineure)', 'Universitaires', '0', '1-484-1-0', 'Sciences biomédicales (Baccalauréat)', 'Collégiens', '0', '1-484-1-0', 'Sciences biomédicales (Baccalauréat)', 'Universitaires', '0', '1-670-1-0', 'Sciences biopharmaceutiques (Baccalauréat)', 'Collégiens', '9', '1-670-1-0', 'Sciences biopharmaceutiques (Baccalauréat)', 'Universitaires', '0', '1-250-1-1', 'Travail social (Baccalauréat)', 'Collégiens', '0', '1-250-1-1', 'Travail social (Baccalauréat)', 'Techniciens', '0', '1-250-1-1', 'Travail social (Baccalauréat)', 'Transferts', '0', '1-250-1-1', 'Travail social (Baccalauréat)', 'Universitaires', '0', '1-250-1-5', 'Travail social (Baccalauréat) - Campus Laval', 'Collégiens', '0', '1-250-1-5', 'Travail social (Baccalauréat) - Campus Laval', 'Techniciens', '0', '1-250-1-5', 'Travail social (Baccalauréat) - Campus Laval', 'Transferts', '0', '1-250-1-5', 'Travail social (Baccalauréat) - Campus Laval', 'Universitaires', '0', '1-025-1-0', 'Urbanisme (Baccalauréat)', 'Collégiens', 'Tous (11)', '1-025-1-0', 'Urbanisme (Baccalauréat)', 'Universitaires', 'Tous (3)', 'Université de Montréal', '2025-05-29', 'Page 2']
2025-05-31 12:34:59,876 - DEBUG - keyword=1-450-4-0, keyword2=Médecine (Année préparatoire au doctorat) - Campus Montréal, keyword3=Collégiens
2025-05-31 12:34:59,886 - DEBUG - Smart PDF match found: 1-450-4-0 | Médecine (Année préparatoire au doctorat) - Campus Montréal | Collégiens | Value: 39
2025-05-31 12:34:59,887 - INFO - Smart PDF match found: 1-450-4-0 | Médecine (Année préparatoire au doctorat) - Campus Montréal | Collégiens | Value: 39
2025-05-31 12:34:59,940 - DEBUG - Checking target: UdeM Med-P Mauricie WL (pdf)
2025-05-31 12:34:59,942 - DEBUG - keywords=1-450-4-9, Médecine (Année préparatoire au doctorat) - Campus Mauricie, Collégiens
2025-05-31 12:34:59,946 - DEBUG - Downloading PDF from https://admission.umontreal.ca/fileadmin/fichiers/documents/liste_attente/LA.pdf to udem_medp_mauricie.pdf
2025-05-31 12:34:59,946 - DEBUG - Starting new HTTPS connection (1): admission.umontreal.ca:443
2025-05-31 12:35:00,016 - DEBUG - https://admission.umontreal.ca:443 "GET /fileadmin/fichiers/documents/liste_attente/LA.pdf HTTP/11" 200 227846
2025-05-31 12:35:00,666 - DEBUG - Extracted 290 lines from page page 0 of udem_medp_mauricie.pdf
2025-05-31 12:35:00,679 - DEBUG - Extracted 176 lines from page page 1 of udem_medp_mauricie.pdf
2025-05-31 12:35:00,686 - DEBUG - Searching for keyword '1-450-4-9' in PDF text lines ['Voir:', 'https://admission.umontreal.ca/admission/apres-la-demande/recevoir-une-reponse/', 'LÉGENDE', '0', 'Aucune offre n’a été faite aux candidats en liste d’attente.', 'Fermée', 'Fermeture de la liste d’attente', 'Tous', 'Tous les candidats de la liste d’attente ont reçu une offre.', 'Le dernier candidat ayant reçu une offre d’admission avait le rang :', 'Code', 'Programme', 'Catégorie', 'Rang', '1-010-1-3', 'Architecture (Baccalauréat)', 'Collégiens', '6', '1-010-1-3', 'Architecture (Baccalauréat)', 'Techniciens', '1', '1-010-1-3', 'Architecture (Baccalauréat)', 'Universitaires', '5', '1-020-1-0', 'Architecture de paysage (Baccalauréat)', 'Collégiens', '0', '1-020-1-0', 'Architecture de paysage (Baccalauréat)', 'Universitaires', '0', '1-465-1-1', 'Biochimie/méd. molécul. (Baccalauréat)', 'Collégiens', '21', '1-465-1-1', 'Biochimie/méd. molécul. (Baccalauréat)', 'Universitaires', '4', '1-171-1-2', 'Cinéma et arts médiatiques (Baccalauréat)', 'Collégiens', '0', '1-171-1-2', 'Cinéma et arts médiatiques (Baccalauréat)', 'Universitaires', '0', '1-065-1-0', 'Criminologie (Baccalauréat)', 'Collégiens', '11', '1-065-1-0', 'Criminologie (Baccalauréat)', 'Transferts', '1', '1-065-1-0', 'Criminologie (Baccalauréat)', 'Universitaires', '7', '1-065-4-0', 'Criminologie (Mineure)', 'Collégiens', '2', '1-065-4-0', 'Criminologie (Mineure)', 'Universitaires', '0', '1-021-4-0', 'Design des jardins (Mineure)', 'Collégiens', '0', '1-021-4-0', 'Design des jardins (Mineure)', 'Universitaires', '0', '1-016-1-0', "Design d'intérieur (Baccalauréat)", 'Collégiens', '7', '1-016-1-0', "Design d'intérieur (Baccalauréat)", 'Universitaires', '7', '1-015-1-0', 'Design industriel (Baccalauréat)', 'Collégiens', '0', '1-015-1-0', 'Design industriel (Baccalauréat)', 'Universitaires', '0', '1-325-1-0', 'Droit (Baccalauréat)', 'Collégiens', '49', '1-325-1-0', 'Droit (Baccalauréat)', 'Diversité', '1', '1-325-1-0', 'Droit (Baccalauréat)', 'Universitaires', '58', '1-822-1-0', 'Éduc. physique et santé (Baccalauréat)', 'Collégiens', '10', '1-822-1-0', 'Éduc. physique et santé (Baccalauréat)', 'Universitaires', '2', '1-740-1-1', 'Ergothérapie (Baccalauréat)', 'Collégiens', '37', '1-740-1-1', 'Ergothérapie (Baccalauréat)', 'Nouveau-Brunswick', '0', '1-740-1-1', 'Ergothérapie (Baccalauréat)', 'Universitaires', '13', '1-960-1-3', 'Études internationales (Baccalauréat)', 'Collégiens', '0', '1-960-1-3', 'Études internationales (Baccalauréat)', 'Universitaires', '0', '1-352-1-0', 'Kinésiologie (Baccalauréat)', 'Collégiens', '90', '1-352-1-0', 'Kinésiologie (Baccalauréat)', 'Universitaires', '18', '1-450-4-9', 'Médecine (Année préparatoire au doctorat) - Campus Mauricie', 'Collégiens', '50', '1-450-4-9', 'Médecine (Année préparatoire au doctorat) - Campus Mauricie', 'Universitaires bacheliers', '17', '1-450-4-0', 'Médecine (Année préparatoire au doctorat) - Campus Montréal', 'Collégiens', '39', '1-450-4-0', 'Médecine (Année préparatoire au doctorat) - Campus Montréal', 'Collégiens Accès médecine', '0', '1-450-4-0', 'Médecine (Année préparatoire au doctorat) - Campus Montréal', 'Nouveau-Brunswick', 'Tous (3)', '1-450-4-0', 'Médecine (Année préparatoire au doctorat) - Campus Montréal', 'Universitaires bacheliers', '0', '1-450-1-9', 'Médecine (Doctorat de 1er cycle) - Campus Mauricie', 'Universitaires bacheliers', '22', '1-450-4-0', 'Médecine (Doctorat de 1er cycle) - Campus Montréal', 'Candidat international', '0', '1-450-4-0', 'Médecine (Doctorat de 1er cycle) - Campus Montréal', 'Universitaires avec doctorat de recherche', '0', '1-450-4-0', 'Médecine (Doctorat de 1er cycle) - Campus Montréal', 'Universitaires bacheliers', '18', '1-300-1-0', 'Médecine dentaire (Doctorat de 1er cycle)', 'Collégiens', '0', '1-300-1-0', 'Médecine dentaire (Doctorat de 1er cycle)', 'Nouveau-Brunswick', '0', '1-300-1-0', 'Médecine dentaire (Doctorat de 1er cycle)', 'Universitaires', '0', '1-580-1-9', 'Médecine vétérinaire (Doctorat de 1er cycle) - Campus Rimouski', 'Collégiens', '0', '1-580-1-9', 'Médecine vétérinaire (Doctorat de 1er cycle) - Campus Rimouski', 'Nouveau-Brunswick', '0', '1-580-1-9', 'Médecine vétérinaire (Doctorat de 1er cycle) - Campus Rimouski', 'Universitaires', '0', '1-580-1-0', 'Médecine vétérinaire (Doctorat de 1er cycle) - Campus Saint-Hyacinthe', 'Collégiens', '0', '1-580-1-0', 'Médecine vétérinaire (Doctorat de 1er cycle) - Campus Saint-Hyacinthe', 'Nouveau-Brunswick', '0', '1-580-1-0', 'Médecine vétérinaire (Doctorat de 1er cycle) - Campus Saint-Hyacinthe', 'Universitaires', '0', '1-580-1-0', "Médecine vétérinaire (Doctorat de 1er cycle) - Liste d'attente commune aux 2 campus", 'Collégiens', '0', '1-580-1-0', "Médecine vétérinaire (Doctorat de 1er cycle) - Liste d'attente commune aux 2 campus", 'Collégiens - Commun', '0', '1-580-1-0', "Médecine vétérinaire (Doctorat de 1er cycle) - Liste d'attente commune aux 2 campus", 'Nouveau-Brunswick', '0', '1-580-1-0', "Médecine vétérinaire (Doctorat de 1er cycle) - Liste d'attente commune aux 2 campus", 'Nouveau-Brunswick  - Commun', '0', '1-580-1-0', "Médecine vétérinaire (Doctorat de 1er cycle) - Liste d'attente commune aux 2 campus", 'Universitaires', '0', '1-580-1-0', "Médecine vétérinaire (Doctorat de 1er cycle) - Liste d'attente commune aux 2 campus", 'Universitaires  - Commun', '0', '1-500-1-0', 'Microbiologie et immunologie (Baccalauréat)', 'Collégiens', '0', '1-500-1-0', 'Microbiologie et immunologie (Baccalauréat)', 'Universitaires', '0', '1-220-1-2', 'Neuroscience cognitive (Baccalauréat)', 'Collégiens', '0', '1-220-1-2', 'Neuroscience cognitive (Baccalauréat)', 'Universitaires', '0', '1-530-1-0', 'Neurosciences (Baccalauréat)', 'Collégiens', '27', '1-530-1-0', 'Neurosciences (Baccalauréat)', 'Universitaires', '3', '1-320-1-0', 'Nutrition (Baccalauréat)', 'Collégiens', '16', '1-320-1-0', 'Nutrition (Baccalauréat)', 'Universitaires', '15', '1-655-1-8', 'Optométrie (Actualisation)', 'Candidats ayant passé le TECCO', '0', '1-655-1-8', 'Optométrie (Actualisation)', "Titulaires d'une maîtrise en sciences de la vision", "de l'École d'optométrie de l'UdeM", '0', 'LISTES D’ATTENTE', 'Automne 2025', 'Avertissement : Pour être valide, une offre d’admission doit être signifiée par le Service de l’admission dans votre Centre étudiant.', 'Afin d’éviter des désagréments, il est recommandé d’attendre la réception de cette offre avant d’entreprendre toute démarche.', 'Université de Montréal', '2025-05-29', 'Page 1', 'Code', 'Programme', 'Catégorie', 'Rang', '1-655-1-1', 'Optométrie (Doctorat de 1er cycle)', 'Collégiens', '8', '1-655-1-1', 'Optométrie (Doctorat de 1er cycle)', 'Collégiens - régions éloignées', 'Fermée (0)', '1-655-1-1', 'Optométrie (Doctorat de 1er cycle)', 'Nouveau-Brunswick', '0', '1-655-1-1', 'Optométrie (Doctorat de 1er cycle)', 'Ontario', '0', '1-655-1-1', 'Optométrie (Doctorat de 1er cycle)', 'Universitaires', '8', '1-655-1-1', 'Optométrie (Doctorat de 1er cycle)', 'Universitaires - régions éloignées', 'Fermée (0)', '1-675-1-1', 'Pharmacie (Doctorat de 1er cycle)', 'Collégien', '65', '1-675-1-1', 'Pharmacie (Doctorat de 1er cycle)', 'Nouveau-Brunswick', '0', '1-675-1-1', 'Pharmacie (Doctorat de 1er cycle)', 'Ontario', '0', '1-675-1-1', 'Pharmacie (Doctorat de 1er cycle)', 'Universitaire', '18', '1-745-1-1', 'Physiothérapie (Baccalauréat)', 'Collégiens', '0', '1-745-1-1', 'Physiothérapie (Baccalauréat)', 'Entente N.-B.', '3', '1-745-1-1', 'Physiothérapie (Baccalauréat)', 'Techniciens en physiothérapie', '1', '1-745-1-1', 'Physiothérapie (Baccalauréat)', 'Universitaires', '0', '1-210-1-0', 'Psychoéducation (Baccalauréat)', 'Collégiens', '34', '1-210-1-0', 'Psychoéducation (Baccalauréat)', 'Universitaires', '8', '1-210-4-0', 'Psychoéducation (Mineure)', 'Collégiens', '0', '1-210-4-0', 'Psychoéducation (Mineure)', 'Universitaires', '0', '1-220-1-0', 'Psychologie (Baccalauréat)', 'Collégiens', '0', '1-220-1-0', 'Psychologie (Baccalauréat)', 'Universitaires', '0', '1-675-1-2', 'Qualification en Pharmacie', 'Diplômés dans la discipline', '0', '1-675-1-8', 'Qualification en Pharmacie- année préparatoire', 'Diplômés dans la discipline-formation', 'préparatoire', '0', '1-235-1-0', 'Sciences biologiques (Baccalauréat)', 'Collégiens', '10', '1-235-1-0', 'Sciences biologiques (Baccalauréat)', 'Universitaires', '4', '1-235-2-0', 'Sciences biologiques (Majeure)', 'Collégiens', '0', '1-235-2-0', 'Sciences biologiques (Majeure)', 'Universitaires', '0', '1-235-4-0', 'Sciences biologiques (Mineure)', 'Collégiens', '0', '1-235-4-0', 'Sciences biologiques (Mineure)', 'Universitaires', '0', '1-484-1-0', 'Sciences biomédicales (Baccalauréat)', 'Collégiens', '0', '1-484-1-0', 'Sciences biomédicales (Baccalauréat)', 'Universitaires', '0', '1-670-1-0', 'Sciences biopharmaceutiques (Baccalauréat)', 'Collégiens', '9', '1-670-1-0', 'Sciences biopharmaceutiques (Baccalauréat)', 'Universitaires', '0', '1-250-1-1', 'Travail social (Baccalauréat)', 'Collégiens', '0', '1-250-1-1', 'Travail social (Baccalauréat)', 'Techniciens', '0', '1-250-1-1', 'Travail social (Baccalauréat)', 'Transferts', '0', '1-250-1-1', 'Travail social (Baccalauréat)', 'Universitaires', '0', '1-250-1-5', 'Travail social (Baccalauréat) - Campus Laval', 'Collégiens', '0', '1-250-1-5', 'Travail social (Baccalauréat) - Campus Laval', 'Techniciens', '0', '1-250-1-5', 'Travail social (Baccalauréat) - Campus Laval', 'Transferts', '0', '1-250-1-5', 'Travail social (Baccalauréat) - Campus Laval', 'Universitaires', '0', '1-025-1-0', 'Urbanisme (Baccalauréat)', 'Collégiens', 'Tous (11)', '1-025-1-0', 'Urbanisme (Baccalauréat)', 'Universitaires', 'Tous (3)', 'Université de Montréal', '2025-05-29', 'Page 2']
2025-05-31 12:35:00,686 - DEBUG - keyword=1-450-4-9, keyword2=Médecine (Année préparatoire au doctorat) - Campus Mauricie, keyword3=Collégiens
2025-05-31 12:35:00,696 - DEBUG - Smart PDF match found: 1-450-4-9 | Médecine (Année préparatoire au doctorat) - Campus Mauricie | Collégiens | Value: 50
2025-05-31 12:35:00,697 - INFO - Smart PDF match found: 1-450-4-9 | Médecine (Année préparatoire au doctorat) - Campus Mauricie | Collégiens | Value: 50
2025-05-31 12:35:00,746 - DEBUG - Checking target: UdeM Den-P Montreal WL (pdf)
2025-05-31 12:35:00,756 - DEBUG - keywords=1-300-1-0, Médecine dentaire (Doctorat de 1er cycle), Collégiens
2025-05-31 12:35:00,762 - DEBUG - Downloading PDF from https://admission.umontreal.ca/fileadmin/fichiers/documents/liste_attente/LA.pdf to udem_denp_montreal.pdf
2025-05-31 12:35:00,766 - DEBUG - Starting new HTTPS connection (1): admission.umontreal.ca:443
2025-05-31 12:35:00,836 - DEBUG - https://admission.umontreal.ca:443 "GET /fileadmin/fichiers/documents/liste_attente/LA.pdf HTTP/11" 200 227846
2025-05-31 12:35:01,399 - DEBUG - Extracted 290 lines from page page 0 of udem_denp_montreal.pdf
2025-05-31 12:35:01,406 - DEBUG - Extracted 176 lines from page page 1 of udem_denp_montreal.pdf
2025-05-31 12:35:01,416 - DEBUG - Searching for keyword '1-300-1-0' in PDF text lines ['Voir:', 'https://admission.umontreal.ca/admission/apres-la-demande/recevoir-une-reponse/', 'LÉGENDE', '0', 'Aucune offre n’a été faite aux candidats en liste d’attente.', 'Fermée', 'Fermeture de la liste d’attente', 'Tous', 'Tous les candidats de la liste d’attente ont reçu une offre.', 'Le dernier candidat ayant reçu une offre d’admission avait le rang :', 'Code', 'Programme', 'Catégorie', 'Rang', '1-010-1-3', 'Architecture (Baccalauréat)', 'Collégiens', '6', '1-010-1-3', 'Architecture (Baccalauréat)', 'Techniciens', '1', '1-010-1-3', 'Architecture (Baccalauréat)', 'Universitaires', '5', '1-020-1-0', 'Architecture de paysage (Baccalauréat)', 'Collégiens', '0', '1-020-1-0', 'Architecture de paysage (Baccalauréat)', 'Universitaires', '0', '1-465-1-1', 'Biochimie/méd. molécul. (Baccalauréat)', 'Collégiens', '21', '1-465-1-1', 'Biochimie/méd. molécul. (Baccalauréat)', 'Universitaires', '4', '1-171-1-2', 'Cinéma et arts médiatiques (Baccalauréat)', 'Collégiens', '0', '1-171-1-2', 'Cinéma et arts médiatiques (Baccalauréat)', 'Universitaires', '0', '1-065-1-0', 'Criminologie (Baccalauréat)', 'Collégiens', '11', '1-065-1-0', 'Criminologie (Baccalauréat)', 'Transferts', '1', '1-065-1-0', 'Criminologie (Baccalauréat)', 'Universitaires', '7', '1-065-4-0', 'Criminologie (Mineure)', 'Collégiens', '2', '1-065-4-0', 'Criminologie (Mineure)', 'Universitaires', '0', '1-021-4-0', 'Design des jardins (Mineure)', 'Collégiens', '0', '1-021-4-0', 'Design des jardins (Mineure)', 'Universitaires', '0', '1-016-1-0', "Design d'intérieur (Baccalauréat)", 'Collégiens', '7', '1-016-1-0', "Design d'intérieur (Baccalauréat)", 'Universitaires', '7', '1-015-1-0', 'Design industriel (Baccalauréat)', 'Collégiens', '0', '1-015-1-0', 'Design industriel (Baccalauréat)', 'Universitaires', '0', '1-325-1-0', 'Droit (Baccalauréat)', 'Collégiens', '49', '1-325-1-0', 'Droit (Baccalauréat)', 'Diversité', '1', '1-325-1-0', 'Droit (Baccalauréat)', 'Universitaires', '58', '1-822-1-0', 'Éduc. physique et santé (Baccalauréat)', 'Collégiens', '10', '1-822-1-0', 'Éduc. physique et santé (Baccalauréat)', 'Universitaires', '2', '1-740-1-1', 'Ergothérapie (Baccalauréat)', 'Collégiens', '37', '1-740-1-1', 'Ergothérapie (Baccalauréat)', 'Nouveau-Brunswick', '0', '1-740-1-1', 'Ergothérapie (Baccalauréat)', 'Universitaires', '13', '1-960-1-3', 'Études internationales (Baccalauréat)', 'Collégiens', '0', '1-960-1-3', 'Études internationales (Baccalauréat)', 'Universitaires', '0', '1-352-1-0', 'Kinésiologie (Baccalauréat)', 'Collégiens', '90', '1-352-1-0', 'Kinésiologie (Baccalauréat)', 'Universitaires', '18', '1-450-4-9', 'Médecine (Année préparatoire au doctorat) - Campus Mauricie', 'Collégiens', '50', '1-450-4-9', 'Médecine (Année préparatoire au doctorat) - Campus Mauricie', 'Universitaires bacheliers', '17', '1-450-4-0', 'Médecine (Année préparatoire au doctorat) - Campus Montréal', 'Collégiens', '39', '1-450-4-0', 'Médecine (Année préparatoire au doctorat) - Campus Montréal', 'Collégiens Accès médecine', '0', '1-450-4-0', 'Médecine (Année préparatoire au doctorat) - Campus Montréal', 'Nouveau-Brunswick', 'Tous (3)', '1-450-4-0', 'Médecine (Année préparatoire au doctorat) - Campus Montréal', 'Universitaires bacheliers', '0', '1-450-1-9', 'Médecine (Doctorat de 1er cycle) - Campus Mauricie', 'Universitaires bacheliers', '22', '1-450-4-0', 'Médecine (Doctorat de 1er cycle) - Campus Montréal', 'Candidat international', '0', '1-450-4-0', 'Médecine (Doctorat de 1er cycle) - Campus Montréal', 'Universitaires avec doctorat de recherche', '0', '1-450-4-0', 'Médecine (Doctorat de 1er cycle) - Campus Montréal', 'Universitaires bacheliers', '18', '1-300-1-0', 'Médecine dentaire (Doctorat de 1er cycle)', 'Collégiens', '0', '1-300-1-0', 'Médecine dentaire (Doctorat de 1er cycle)', 'Nouveau-Brunswick', '0', '1-300-1-0', 'Médecine dentaire (Doctorat de 1er cycle)', 'Universitaires', '0', '1-580-1-9', 'Médecine vétérinaire (Doctorat de 1er cycle) - Campus Rimouski', 'Collégiens', '0', '1-580-1-9', 'Médecine vétérinaire (Doctorat de 1er cycle) - Campus Rimouski', 'Nouveau-Brunswick', '0', '1-580-1-9', 'Médecine vétérinaire (Doctorat de 1er cycle) - Campus Rimouski', 'Universitaires', '0', '1-580-1-0', 'Médecine vétérinaire (Doctorat de 1er cycle) - Campus Saint-Hyacinthe', 'Collégiens', '0', '1-580-1-0', 'Médecine vétérinaire (Doctorat de 1er cycle) - Campus Saint-Hyacinthe', 'Nouveau-Brunswick', '0', '1-580-1-0', 'Médecine vétérinaire (Doctorat de 1er cycle) - Campus Saint-Hyacinthe', 'Universitaires', '0', '1-580-1-0', "Médecine vétérinaire (Doctorat de 1er cycle) - Liste d'attente commune aux 2 campus", 'Collégiens', '0', '1-580-1-0', "Médecine vétérinaire (Doctorat de 1er cycle) - Liste d'attente commune aux 2 campus", 'Collégiens - Commun', '0', '1-580-1-0', "Médecine vétérinaire (Doctorat de 1er cycle) - Liste d'attente commune aux 2 campus", 'Nouveau-Brunswick', '0', '1-580-1-0', "Médecine vétérinaire (Doctorat de 1er cycle) - Liste d'attente commune aux 2 campus", 'Nouveau-Brunswick  - Commun', '0', '1-580-1-0', "Médecine vétérinaire (Doctorat de 1er cycle) - Liste d'attente commune aux 2 campus", 'Universitaires', '0', '1-580-1-0', "Médecine vétérinaire (Doctorat de 1er cycle) - Liste d'attente commune aux 2 campus", 'Universitaires  - Commun', '0', '1-500-1-0', 'Microbiologie et immunologie (Baccalauréat)', 'Collégiens', '0', '1-500-1-0', 'Microbiologie et immunologie (Baccalauréat)', 'Universitaires', '0', '1-220-1-2', 'Neuroscience cognitive (Baccalauréat)', 'Collégiens', '0', '1-220-1-2', 'Neuroscience cognitive (Baccalauréat)', 'Universitaires', '0', '1-530-1-0', 'Neurosciences (Baccalauréat)', 'Collégiens', '27', '1-530-1-0', 'Neurosciences (Baccalauréat)', 'Universitaires', '3', '1-320-1-0', 'Nutrition (Baccalauréat)', 'Collégiens', '16', '1-320-1-0', 'Nutrition (Baccalauréat)', 'Universitaires', '15', '1-655-1-8', 'Optométrie (Actualisation)', 'Candidats ayant passé le TECCO', '0', '1-655-1-8', 'Optométrie (Actualisation)', "Titulaires d'une maîtrise en sciences de la vision", "de l'École d'optométrie de l'UdeM", '0', 'LISTES D’ATTENTE', 'Automne 2025', 'Avertissement : Pour être valide, une offre d’admission doit être signifiée par le Service de l’admission dans votre Centre étudiant.', 'Afin d’éviter des désagréments, il est recommandé d’attendre la réception de cette offre avant d’entreprendre toute démarche.', 'Université de Montréal', '2025-05-29', 'Page 1', 'Code', 'Programme', 'Catégorie', 'Rang', '1-655-1-1', 'Optométrie (Doctorat de 1er cycle)', 'Collégiens', '8', '1-655-1-1', 'Optométrie (Doctorat de 1er cycle)', 'Collégiens - régions éloignées', 'Fermée (0)', '1-655-1-1', 'Optométrie (Doctorat de 1er cycle)', 'Nouveau-Brunswick', '0', '1-655-1-1', 'Optométrie (Doctorat de 1er cycle)', 'Ontario', '0', '1-655-1-1', 'Optométrie (Doctorat de 1er cycle)', 'Universitaires', '8', '1-655-1-1', 'Optométrie (Doctorat de 1er cycle)', 'Universitaires - régions éloignées', 'Fermée (0)', '1-675-1-1', 'Pharmacie (Doctorat de 1er cycle)', 'Collégien', '65', '1-675-1-1', 'Pharmacie (Doctorat de 1er cycle)', 'Nouveau-Brunswick', '0', '1-675-1-1', 'Pharmacie (Doctorat de 1er cycle)', 'Ontario', '0', '1-675-1-1', 'Pharmacie (Doctorat de 1er cycle)', 'Universitaire', '18', '1-745-1-1', 'Physiothérapie (Baccalauréat)', 'Collégiens', '0', '1-745-1-1', 'Physiothérapie (Baccalauréat)', 'Entente N.-B.', '3', '1-745-1-1', 'Physiothérapie (Baccalauréat)', 'Techniciens en physiothérapie', '1', '1-745-1-1', 'Physiothérapie (Baccalauréat)', 'Universitaires', '0', '1-210-1-0', 'Psychoéducation (Baccalauréat)', 'Collégiens', '34', '1-210-1-0', 'Psychoéducation (Baccalauréat)', 'Universitaires', '8', '1-210-4-0', 'Psychoéducation (Mineure)', 'Collégiens', '0', '1-210-4-0', 'Psychoéducation (Mineure)', 'Universitaires', '0', '1-220-1-0', 'Psychologie (Baccalauréat)', 'Collégiens', '0', '1-220-1-0', 'Psychologie (Baccalauréat)', 'Universitaires', '0', '1-675-1-2', 'Qualification en Pharmacie', 'Diplômés dans la discipline', '0', '1-675-1-8', 'Qualification en Pharmacie- année préparatoire', 'Diplômés dans la discipline-formation', 'préparatoire', '0', '1-235-1-0', 'Sciences biologiques (Baccalauréat)', 'Collégiens', '10', '1-235-1-0', 'Sciences biologiques (Baccalauréat)', 'Universitaires', '4', '1-235-2-0', 'Sciences biologiques (Majeure)', 'Collégiens', '0', '1-235-2-0', 'Sciences biologiques (Majeure)', 'Universitaires', '0', '1-235-4-0', 'Sciences biologiques (Mineure)', 'Collégiens', '0', '1-235-4-0', 'Sciences biologiques (Mineure)', 'Universitaires', '0', '1-484-1-0', 'Sciences biomédicales (Baccalauréat)', 'Collégiens', '0', '1-484-1-0', 'Sciences biomédicales (Baccalauréat)', 'Universitaires', '0', '1-670-1-0', 'Sciences biopharmaceutiques (Baccalauréat)', 'Collégiens', '9', '1-670-1-0', 'Sciences biopharmaceutiques (Baccalauréat)', 'Universitaires', '0', '1-250-1-1', 'Travail social (Baccalauréat)', 'Collégiens', '0', '1-250-1-1', 'Travail social (Baccalauréat)', 'Techniciens', '0', '1-250-1-1', 'Travail social (Baccalauréat)', 'Transferts', '0', '1-250-1-1', 'Travail social (Baccalauréat)', 'Universitaires', '0', '1-250-1-5', 'Travail social (Baccalauréat) - Campus Laval', 'Collégiens', '0', '1-250-1-5', 'Travail social (Baccalauréat) - Campus Laval', 'Techniciens', '0', '1-250-1-5', 'Travail social (Baccalauréat) - Campus Laval', 'Transferts', '0', '1-250-1-5', 'Travail social (Baccalauréat) - Campus Laval', 'Universitaires', '0', '1-025-1-0', 'Urbanisme (Baccalauréat)', 'Collégiens', 'Tous (11)', '1-025-1-0', 'Urbanisme (Baccalauréat)', 'Universitaires', 'Tous (3)', 'Université de Montréal', '2025-05-29', 'Page 2']
2025-05-31 12:35:01,421 - DEBUG - keyword=1-300-1-0, keyword2=Médecine dentaire (Doctorat de 1er cycle), keyword3=Collégiens
2025-05-31 12:35:01,426 - DEBUG - Smart PDF match found: 1-300-1-0 | Médecine dentaire (Doctorat de 1er cycle) | Collégiens | Value: 0
2025-05-31 12:35:01,428 - INFO - Smart PDF match found: 1-300-1-0 | Médecine dentaire (Doctorat de 1er cycle) | Collégiens | Value: 0
2025-05-31 12:35:01,484 - DEBUG - Checking target: McGill Med-P WL (html_table_row)
2025-05-31 12:35:01,488 - DEBUG - Parsing HTML table at https://www.mcgill.ca/medadmissions/after-youve-applied/waitlist-post-interview for keyword 'Med-P'
2025-05-31 12:35:01,504 - DEBUG - Starting new HTTPS connection (1): www.mcgill.ca:443
2025-05-31 12:35:01,606 - DEBUG - https://www.mcgill.ca:443 "GET /medadmissions/after-youve-applied/waitlist-post-interview HTTP/11" 200 None
2025-05-31 12:35:01,624 - DEBUG - Table: Applicant PoolNext potential offer*Date of latest offerQuebec University#11 (Montreal);#11 (Outaouais)May 27, 2025May 27, 2025Out of Province Canadians#4May 24, 2025International#1Quebec Resident: International Medical Graduate (Advanced Standing) - IMG-2ClosedMed-P#32 (Montreal);#48 (Outaouais)May 31, 2025May 31, 2025
2025-05-31 12:35:01,626 - DEBUG - Row: Applicant PoolNext potential offer*Date of latest offer
2025-05-31 12:35:01,636 - DEBUG - Normalized Cell Text: applicant pool
2025-05-31 12:35:01,644 - DEBUG - Row: Quebec University#11 (Montreal);#11 (Outaouais)May 27, 2025May 27, 2025
2025-05-31 12:35:01,649 - DEBUG - Normalized Cell Text: quebec university
2025-05-31 12:35:01,654 - DEBUG - Row: Out of Province Canadians#4May 24, 2025
2025-05-31 12:35:01,661 - DEBUG - Normalized Cell Text: out of province canadians
2025-05-31 12:35:01,676 - DEBUG - Row: International#1
2025-05-31 12:35:01,682 - DEBUG - Normalized Cell Text: international
2025-05-31 12:35:01,686 - DEBUG - Row: Quebec Resident: International Medical Graduate (Advanced Standing) - IMG-2Closed
2025-05-31 12:35:01,696 - DEBUG - Normalized Cell Text: quebec resident: international medical graduate (advanced standing) - img-2
2025-05-31 12:35:01,708 - DEBUG - Row: Med-P#32 (Montreal);#48 (Outaouais)May 31, 2025May 31, 2025
2025-05-31 12:35:01,716 - DEBUG - Normalized Cell Text: med-p
2025-05-31 12:35:01,726 - INFO - Match found: med-p | 
#32 (Montreal);
#48 (Outaouais)

2025-05-31 12:35:01,818 - DEBUG - Checking target: UdeS Med-P WL (html_table_row)
2025-05-31 12:35:01,826 - DEBUG - Parsing HTML table at https://www.usherbrooke.ca/etudes-medecine/programmes-detudes/doctorat-en-medecine/admission/suivi-des-admissions for keyword 'Contingent québécois, catégorie collégiale'
2025-05-31 12:35:01,826 - DEBUG - Starting new HTTPS connection (1): www.usherbrooke.ca:443
2025-05-31 12:35:02,310 - DEBUG - https://www.usherbrooke.ca:443 "GET /etudes-medecine/programmes-detudes/doctorat-en-medecine/admission/suivi-des-admissions HTTP/11" 200 None
2025-05-31 12:35:02,399 - DEBUG - Table: Groupe d'admissionRang sur la liste d'excellenceContingent québécois, catégorie collégialeSherbrooke : 306eMontérégie : 222eSaguenay : 375eContingent québécois, catégorie collégiale (Voie médecine pour la diversité socioéconomique)Voie médecine : 7eContingent québécois, catégorie universitaireSherbrooke : 76eMontérégie : 17eSaguenay : 106Contingent québécois, catégorie universitaire (profils particuliers)Marché du travail : 4eSciences humaines et sociales : 2eDoctorat de recherche : 1erContingent du Nouveau-Brunswick, catégorie DSS25eContingent du Nouveau-Brunswick, catégorie universitaire8eContingent de la Nouvelle-Écosse3eContingent des personnes hors Québec et hors des contingents de l'Atlantique2eContingent de l'Île-du-Prince-Édouard1erContingent international1erContingent du programme militaire d'études en médecineS.O.
2025-05-31 12:35:02,403 - DEBUG - Row: Groupe d'admissionRang sur la liste d'excellence
2025-05-31 12:35:02,406 - DEBUG - Normalized Cell Text: groupe d'admission
2025-05-31 12:35:02,410 - DEBUG - Row: Contingent québécois, catégorie collégialeSherbrooke : 306eMontérégie : 222eSaguenay : 375e
2025-05-31 12:35:02,417 - DEBUG - Normalized Cell Text: contingent quebecois, categorie collegiale
2025-05-31 12:35:02,419 - INFO - Match found: contingent quebecois, categorie collegiale | Sherbrooke : 306eMontérégie : 222eSaguenay : 375e
2025-05-31 12:35:02,466 - DEBUG - Sending email to admins: ['andyxuan2010@gmail.com'] with BCC to recipients: ['andyxuan2010@gmail.com']
2025-05-31 12:35:02,466 - DEBUG - Also sending SMS notification to: ['5146888844@txt.bell.ca']
2025-05-31 12:35:05,747 - INFO - Subject: Med-P Waiting List Update Report – students | Sending to: ['andyxuan2010@gmail.com']
2025-06-07 10:13:35,345 - DEBUG - Loaded recipient groups from .recipients.test: {'admins': ['andyxuan2010@gmail.com'], 'students': ['andyxuan2010@gmail.com'], 'sms': ['5146888844@txt.bell.ca']}
2025-06-07 10:13:35,363 - DEBUG - Starting monitor run...
2025-06-07 10:13:35,369 - DEBUG - Checking target: UdeM Med-P Montreal WL (pdf)
2025-06-07 10:13:35,375 - DEBUG - keywords=1-450-4-0, Médecine (Année préparatoire au doctorat) - Campus Montréal, Collégiens
2025-06-07 10:13:35,381 - DEBUG - Downloading PDF from https://admission.umontreal.ca/fileadmin/fichiers/documents/liste_attente/LA.pdf to udem_medp_montreal.pdf
2025-06-07 10:13:35,406 - DEBUG - Starting new HTTPS connection (1): admission.umontreal.ca:443
2025-06-07 10:13:35,472 - DEBUG - https://admission.umontreal.ca:443 "GET /fileadmin/fichiers/documents/liste_attente/LA.pdf HTTP/11" 200 229021
2025-06-07 10:13:36,497 - DEBUG - Extracted 284 lines from page page 0 of udem_medp_montreal.pdf
2025-06-07 10:13:36,514 - DEBUG - Extracted 197 lines from page page 1 of udem_medp_montreal.pdf
2025-06-07 10:13:36,518 - DEBUG - Searching for keyword '1-450-4-0' in PDF text lines ['Voir:', 'https://admission.umontreal.ca/admission/apres-la-demande/recevoir-une-reponse/', 'LÉGENDE', '0', 'Aucune offre n’a été faite aux candidats en liste d’attente.', 'Fermée', 'Fermeture de la liste d’attente', 'Tous', 'Tous les candidats de la liste d’attente ont reçu une offre.', 'Le dernier candidat ayant reçu une offre d’admission avait le rang :', 'Code', 'Programme', 'Catégorie', 'Rang', '1-010-1-3', 'Architecture (Baccalauréat)', 'Collégiens', '16', '1-010-1-3', 'Architecture (Baccalauréat)', 'Techniciens', '2', '1-010-1-3', 'Architecture (Baccalauréat)', 'Universitaires', '12', '1-020-1-0', 'Architecture de paysage (Baccalauréat)', 'Collégiens', '0', '1-020-1-0', 'Architecture de paysage (Baccalauréat)', 'Universitaires', '0', '1-465-1-1', 'Biochimie/méd. molécul. (Baccalauréat)', 'Collégiens', '40', '1-465-1-1', 'Biochimie/méd. molécul. (Baccalauréat)', 'Universitaires', '4', '1-171-1-2', 'Cinéma et arts médiatiques (Baccalauréat)', 'Collégiens', '1', '1-171-1-2', 'Cinéma et arts médiatiques (Baccalauréat)', 'Universitaires', '0', '1-065-1-0', 'Criminologie (Baccalauréat)', 'Collégiens', '25', '1-065-1-0', 'Criminologie (Baccalauréat)', 'Transferts', '1', '1-065-1-0', 'Criminologie (Baccalauréat)', 'Universitaires', '8', '1-065-4-0', 'Criminologie (Mineure)', 'Collégiens', '5', '1-065-4-0', 'Criminologie (Mineure)', 'Universitaires', '1', '1-021-4-0', 'Design des jardins (Mineure)', 'Collégiens', '0', '1-021-4-0', 'Design des jardins (Mineure)', 'Universitaires', '0', '1-016-1-0', "Design d'intérieur (Baccalauréat)", 'Collégiens', '15', '1-016-1-0', "Design d'intérieur (Baccalauréat)", 'Universitaires', '12', '1-015-1-0', 'Design industriel (Baccalauréat)', 'Collégiens', '4', '1-015-1-0', 'Design industriel (Baccalauréat)', 'Universitaires', 'Tous (3)', '1-325-1-0', 'Droit (Baccalauréat)', 'Collégiens', '82', '1-325-1-0', 'Droit (Baccalauréat)', 'Diversité', '1', '1-325-1-0', 'Droit (Baccalauréat)', 'Universitaires', '80', '1-822-1-0', 'Éduc. physique et santé (Baccalauréat)', 'Collégiens', '10', '1-822-1-0', 'Éduc. physique et santé (Baccalauréat)', 'Universitaires', '2', '1-740-1-1', 'Ergothérapie (Baccalauréat)', 'Collégiens', '53', '1-740-1-1', 'Ergothérapie (Baccalauréat)', 'Nouveau-Brunswick', '0', '1-740-1-1', 'Ergothérapie (Baccalauréat)', 'Universitaires', '19', '1-960-1-3', 'Études internationales (Baccalauréat)', 'Collégiens', '0', '1-960-1-3', 'Études internationales (Baccalauréat)', 'Universitaires', '0', '1-352-1-0', 'Kinésiologie (Baccalauréat)', 'Collégiens', '90', '1-352-1-0', 'Kinésiologie (Baccalauréat)', 'Universitaires', '18', '1-450-4-9', 'Médecine (Année préparatoire au doctorat) - Campus Mauricie', 'Collégiens', '50', '1-450-4-9', 'Médecine (Année préparatoire au doctorat) - Campus Mauricie', 'Universitaires bacheliers', '17', '1-450-4-0', 'Médecine (Année préparatoire au doctorat) - Campus Montréal', 'Collégiens', '39', '1-450-4-0', 'Médecine (Année préparatoire au doctorat) - Campus Montréal', 'Collégiens Accès médecine', '0', '1-450-4-0', 'Médecine (Année préparatoire au doctorat) - Campus Montréal', 'Nouveau-Brunswick', 'Tous (3)', '1-450-4-0', 'Médecine (Année préparatoire au doctorat) - Campus Montréal', 'Universitaires bacheliers', '0', '1-450-1-9', 'Médecine (Doctorat de 1er cycle) - Campus Mauricie', 'Universitaires bacheliers', '22', '1-450-1-0', 'Médecine (Doctorat de 1er cycle) - Campus Montréal', 'Candidat international', '0', '1-450-1-0', 'Médecine (Doctorat de 1er cycle) - Campus Montréal', 'Universitaires avec doctorat de recherche', '0', '1-450-1-0', 'Médecine (Doctorat de 1er cycle) - Campus Montréal', 'Universitaires bacheliers', '18', '1-300-1-0', 'Médecine dentaire (Doctorat de 1er cycle)', 'Collégiens', '22', '1-300-1-0', 'Médecine dentaire (Doctorat de 1er cycle)', 'Nouveau-Brunswick', '0', '1-300-1-0', 'Médecine dentaire (Doctorat de 1er cycle)', 'Universitaires', '16', '1-580-1-0', 'Médecine vétérinaire (Doctorat de 1er cycle)', "Candidat ayant réussi la 1re année d'un doctorat", "en médecine vétérinaire d'une université", 'étrangère agréée par la AVMA', '0', '1-580-1-0', 'Médecine vétérinaire (Doctorat de 1er cycle)', "Titulaire d'un doctorat en médecine vétérinaire", "d'une université étrangère", '0', '1-580-1-9', 'Médecine vétérinaire (Doctorat de 1er cycle) - Campus Rimouski', 'Collégiens', '20', '1-580-1-9', 'Médecine vétérinaire (Doctorat de 1er cycle) - Campus Rimouski', 'Nouveau-Brunswick', '1', '1-580-1-9', 'Médecine vétérinaire (Doctorat de 1er cycle) - Campus Rimouski', 'Universitaires', '8', '1-580-1-0', 'Médecine vétérinaire (Doctorat de 1er cycle) - Campus Saint-Hyacinthe', 'Collégiens', '16', '1-580-1-0', 'Médecine vétérinaire (Doctorat de 1er cycle) - Campus Saint-Hyacinthe', 'Nouveau-Brunswick', '0', '1-580-1-0', 'Médecine vétérinaire (Doctorat de 1er cycle) - Campus Saint-Hyacinthe', 'Universitaires', '9', '1-580-1-0', "Médecine vétérinaire (Doctorat de 1er cycle) - Liste d'attente commune aux 2 campus", 'Collégiens', '16', '1-580-1-0', "Médecine vétérinaire (Doctorat de 1er cycle) - Liste d'attente commune aux 2 campus", 'Collégiens - Commun', '20', '1-580-1-0', "Médecine vétérinaire (Doctorat de 1er cycle) - Liste d'attente commune aux 2 campus", 'Nouveau-Brunswick', '0', '1-580-1-0', "Médecine vétérinaire (Doctorat de 1er cycle) - Liste d'attente commune aux 2 campus", 'Nouveau-Brunswick  - Commun', '1', '1-580-1-0', "Médecine vétérinaire (Doctorat de 1er cycle) - Liste d'attente commune aux 2 campus", 'Universitaires', '9', '1-580-1-0', "Médecine vétérinaire (Doctorat de 1er cycle) - Liste d'attente commune aux 2 campus", 'Universitaires  - Commun', '9', '1-580-1-9', "Médecine vétérinaire (Doctorat de 1er cycle) - Liste d'attente commune aux 2 campus", 'Collégiens', '20', '1-500-1-0', 'Microbiologie et immunologie (Baccalauréat)', 'Collégiens', '0', '1-500-1-0', 'Microbiologie et immunologie (Baccalauréat)', 'Universitaires', '0', '1-220-1-2', 'Neuroscience cognitive (Baccalauréat)', 'Collégiens', '0', '1-220-1-2', 'Neuroscience cognitive (Baccalauréat)', 'Universitaires', '0', '1-530-1-0', 'Neurosciences (Baccalauréat)', 'Collégiens', '27', 'LISTES D’ATTENTE', 'Automne 2025', 'Avertissement : Pour être valide, une offre d’admission doit être signifiée par le Service de l’admission dans votre Centre étudiant.', 'Afin d’éviter des désagréments, il est recommandé d’attendre la réception de cette offre avant d’entreprendre toute démarche.', 'Université de Montréal', '2025-06-05', 'Page 1', 'Code', 'Programme', 'Catégorie', 'Rang', '1-530-1-0', 'Neurosciences (Baccalauréat)', 'Universitaires', '3', '1-320-1-0', 'Nutrition (Baccalauréat)', 'Collégiens', '16', '1-320-1-0', 'Nutrition (Baccalauréat)', 'Universitaires', '15', '1-655-1-8', 'Optométrie (Actualisation)', 'Candidats ayant passé le TECCO', '0', '1-655-1-8', 'Optométrie (Actualisation)', "Titulaires d'une maîtrise en sciences de la vision", "de l'École d'optométrie de l'UdeM", '0', '1-655-1-1', 'Optométrie (Doctorat de 1er cycle)', 'Collégiens', '8', '1-655-1-1', 'Optométrie (Doctorat de 1er cycle)', 'Collégiens - régions éloignées', 'Fermée (0)', '1-655-1-1', 'Optométrie (Doctorat de 1er cycle)', 'Nouveau-Brunswick', '0', '1-655-1-1', 'Optométrie (Doctorat de 1er cycle)', 'Ontario', '0', '1-655-1-1', 'Optométrie (Doctorat de 1er cycle)', 'Universitaires', '8', '1-655-1-1', 'Optométrie (Doctorat de 1er cycle)', 'Universitaires - régions éloignées', 'Fermée (0)', '1-675-1-1', 'Pharmacie (Doctorat de 1er cycle)', 'Collégien', '65', '1-675-1-1', 'Pharmacie (Doctorat de 1er cycle)', 'Nouveau-Brunswick', '0', '1-675-1-1', 'Pharmacie (Doctorat de 1er cycle)', 'Ontario', '0', '1-675-1-1', 'Pharmacie (Doctorat de 1er cycle)', 'Universitaire', '23', '1-745-1-1', 'Physiothérapie (Baccalauréat)', 'Collégiens', '0', '1-745-1-1', 'Physiothérapie (Baccalauréat)', 'Entente N.-B.', '3', '1-745-1-1', 'Physiothérapie (Baccalauréat)', 'Techniciens en physiothérapie', '1', '1-745-1-1', 'Physiothérapie (Baccalauréat)', 'Universitaires', '0', '1-210-1-0', 'Psychoéducation (Baccalauréat)', 'Collégiens', '52', '1-210-1-0', 'Psychoéducation (Baccalauréat)', 'Universitaires', '8', '1-210-4-0', 'Psychoéducation (Mineure)', 'Collégiens', '0', '1-210-4-0', 'Psychoéducation (Mineure)', 'Universitaires', '0', '1-220-1-0', 'Psychologie (Baccalauréat)', 'Collégiens', '0', '1-220-1-0', 'Psychologie (Baccalauréat)', 'Universitaires', '0', '1-675-1-2', 'Qualification en Pharmacie', 'Diplômés dans la discipline', '0', '1-675-1-8', 'Qualification en Pharmacie- année préparatoire', 'Diplômés dans la discipline-formation', 'préparatoire', '0', '1-235-1-0', 'Sciences biologiques (Baccalauréat)', 'Collégiens', '20', '1-235-1-0', 'Sciences biologiques (Baccalauréat)', 'Universitaires', '4', '1-235-2-0', 'Sciences biologiques (Majeure)', 'Collégiens', '0', '1-235-2-0', 'Sciences biologiques (Majeure)', 'Universitaires', '0', '1-235-4-0', 'Sciences biologiques (Mineure)', 'Collégiens', '0', '1-235-4-0', 'Sciences biologiques (Mineure)', 'Universitaires', '0', '1-484-1-0', 'Sciences biomédicales (Baccalauréat)', 'Collégiens', '10', '1-484-1-0', 'Sciences biomédicales (Baccalauréat)', 'Universitaires', '0', '1-670-1-0', 'Sciences biopharmaceutiques (Baccalauréat)', 'Collégiens', '23', '1-670-1-0', 'Sciences biopharmaceutiques (Baccalauréat)', 'Universitaires', '1', '1-250-1-1', 'Travail social (Baccalauréat)', 'Collégiens', '0', '1-250-1-1', 'Travail social (Baccalauréat)', 'Techniciens', '0', '1-250-1-1', 'Travail social (Baccalauréat)', 'Transferts', '0', '1-250-1-1', 'Travail social (Baccalauréat)', 'Universitaires', '0', '1-250-1-5', 'Travail social (Baccalauréat) - Campus Laval', 'Collégiens', '0', '1-250-1-5', 'Travail social (Baccalauréat) - Campus Laval', 'Techniciens', '0', '1-250-1-5', 'Travail social (Baccalauréat) - Campus Laval', 'Transferts', '0', '1-250-1-5', 'Travail social (Baccalauréat) - Campus Laval', 'Universitaires', '0', '1-025-1-0', 'Urbanisme (Baccalauréat)', 'Collégiens', 'Tous (11)', '1-025-1-0', 'Urbanisme (Baccalauréat)', 'Universitaires', 'Tous (3)', 'Université de Montréal', '2025-06-05', 'Page 2']
2025-06-07 10:13:36,520 - DEBUG - keyword=1-450-4-0, keyword2=Médecine (Année préparatoire au doctorat) - Campus Montréal, keyword3=Collégiens
2025-06-07 10:13:36,520 - DEBUG - Smart PDF match found: 1-450-4-0 | Médecine (Année préparatoire au doctorat) - Campus Montréal | Collégiens | Value: 39
2025-06-07 10:13:36,520 - INFO - Smart PDF match found: 1-450-4-0 | Médecine (Année préparatoire au doctorat) - Campus Montréal | Collégiens | Value: 39
2025-06-07 10:13:36,615 - DEBUG - Checking target: UdeM Med-P Mauricie WL (pdf)
2025-06-07 10:13:36,619 - DEBUG - keywords=1-450-4-9, Médecine (Année préparatoire au doctorat) - Campus Mauricie, Collégiens
2025-06-07 10:13:36,621 - DEBUG - Downloading PDF from https://admission.umontreal.ca/fileadmin/fichiers/documents/liste_attente/LA.pdf to udem_medp_mauricie.pdf
2025-06-07 10:13:36,627 - DEBUG - Starting new HTTPS connection (1): admission.umontreal.ca:443
2025-06-07 10:13:36,690 - DEBUG - https://admission.umontreal.ca:443 "GET /fileadmin/fichiers/documents/liste_attente/LA.pdf HTTP/11" 200 229021
2025-06-07 10:13:37,425 - DEBUG - Extracted 284 lines from page page 0 of udem_medp_mauricie.pdf
2025-06-07 10:13:37,436 - DEBUG - Extracted 197 lines from page page 1 of udem_medp_mauricie.pdf
2025-06-07 10:13:37,439 - DEBUG - Searching for keyword '1-450-4-9' in PDF text lines ['Voir:', 'https://admission.umontreal.ca/admission/apres-la-demande/recevoir-une-reponse/', 'LÉGENDE', '0', 'Aucune offre n’a été faite aux candidats en liste d’attente.', 'Fermée', 'Fermeture de la liste d’attente', 'Tous', 'Tous les candidats de la liste d’attente ont reçu une offre.', 'Le dernier candidat ayant reçu une offre d’admission avait le rang :', 'Code', 'Programme', 'Catégorie', 'Rang', '1-010-1-3', 'Architecture (Baccalauréat)', 'Collégiens', '16', '1-010-1-3', 'Architecture (Baccalauréat)', 'Techniciens', '2', '1-010-1-3', 'Architecture (Baccalauréat)', 'Universitaires', '12', '1-020-1-0', 'Architecture de paysage (Baccalauréat)', 'Collégiens', '0', '1-020-1-0', 'Architecture de paysage (Baccalauréat)', 'Universitaires', '0', '1-465-1-1', 'Biochimie/méd. molécul. (Baccalauréat)', 'Collégiens', '40', '1-465-1-1', 'Biochimie/méd. molécul. (Baccalauréat)', 'Universitaires', '4', '1-171-1-2', 'Cinéma et arts médiatiques (Baccalauréat)', 'Collégiens', '1', '1-171-1-2', 'Cinéma et arts médiatiques (Baccalauréat)', 'Universitaires', '0', '1-065-1-0', 'Criminologie (Baccalauréat)', 'Collégiens', '25', '1-065-1-0', 'Criminologie (Baccalauréat)', 'Transferts', '1', '1-065-1-0', 'Criminologie (Baccalauréat)', 'Universitaires', '8', '1-065-4-0', 'Criminologie (Mineure)', 'Collégiens', '5', '1-065-4-0', 'Criminologie (Mineure)', 'Universitaires', '1', '1-021-4-0', 'Design des jardins (Mineure)', 'Collégiens', '0', '1-021-4-0', 'Design des jardins (Mineure)', 'Universitaires', '0', '1-016-1-0', "Design d'intérieur (Baccalauréat)", 'Collégiens', '15', '1-016-1-0', "Design d'intérieur (Baccalauréat)", 'Universitaires', '12', '1-015-1-0', 'Design industriel (Baccalauréat)', 'Collégiens', '4', '1-015-1-0', 'Design industriel (Baccalauréat)', 'Universitaires', 'Tous (3)', '1-325-1-0', 'Droit (Baccalauréat)', 'Collégiens', '82', '1-325-1-0', 'Droit (Baccalauréat)', 'Diversité', '1', '1-325-1-0', 'Droit (Baccalauréat)', 'Universitaires', '80', '1-822-1-0', 'Éduc. physique et santé (Baccalauréat)', 'Collégiens', '10', '1-822-1-0', 'Éduc. physique et santé (Baccalauréat)', 'Universitaires', '2', '1-740-1-1', 'Ergothérapie (Baccalauréat)', 'Collégiens', '53', '1-740-1-1', 'Ergothérapie (Baccalauréat)', 'Nouveau-Brunswick', '0', '1-740-1-1', 'Ergothérapie (Baccalauréat)', 'Universitaires', '19', '1-960-1-3', 'Études internationales (Baccalauréat)', 'Collégiens', '0', '1-960-1-3', 'Études internationales (Baccalauréat)', 'Universitaires', '0', '1-352-1-0', 'Kinésiologie (Baccalauréat)', 'Collégiens', '90', '1-352-1-0', 'Kinésiologie (Baccalauréat)', 'Universitaires', '18', '1-450-4-9', 'Médecine (Année préparatoire au doctorat) - Campus Mauricie', 'Collégiens', '50', '1-450-4-9', 'Médecine (Année préparatoire au doctorat) - Campus Mauricie', 'Universitaires bacheliers', '17', '1-450-4-0', 'Médecine (Année préparatoire au doctorat) - Campus Montréal', 'Collégiens', '39', '1-450-4-0', 'Médecine (Année préparatoire au doctorat) - Campus Montréal', 'Collégiens Accès médecine', '0', '1-450-4-0', 'Médecine (Année préparatoire au doctorat) - Campus Montréal', 'Nouveau-Brunswick', 'Tous (3)', '1-450-4-0', 'Médecine (Année préparatoire au doctorat) - Campus Montréal', 'Universitaires bacheliers', '0', '1-450-1-9', 'Médecine (Doctorat de 1er cycle) - Campus Mauricie', 'Universitaires bacheliers', '22', '1-450-1-0', 'Médecine (Doctorat de 1er cycle) - Campus Montréal', 'Candidat international', '0', '1-450-1-0', 'Médecine (Doctorat de 1er cycle) - Campus Montréal', 'Universitaires avec doctorat de recherche', '0', '1-450-1-0', 'Médecine (Doctorat de 1er cycle) - Campus Montréal', 'Universitaires bacheliers', '18', '1-300-1-0', 'Médecine dentaire (Doctorat de 1er cycle)', 'Collégiens', '22', '1-300-1-0', 'Médecine dentaire (Doctorat de 1er cycle)', 'Nouveau-Brunswick', '0', '1-300-1-0', 'Médecine dentaire (Doctorat de 1er cycle)', 'Universitaires', '16', '1-580-1-0', 'Médecine vétérinaire (Doctorat de 1er cycle)', "Candidat ayant réussi la 1re année d'un doctorat", "en médecine vétérinaire d'une université", 'étrangère agréée par la AVMA', '0', '1-580-1-0', 'Médecine vétérinaire (Doctorat de 1er cycle)', "Titulaire d'un doctorat en médecine vétérinaire", "d'une université étrangère", '0', '1-580-1-9', 'Médecine vétérinaire (Doctorat de 1er cycle) - Campus Rimouski', 'Collégiens', '20', '1-580-1-9', 'Médecine vétérinaire (Doctorat de 1er cycle) - Campus Rimouski', 'Nouveau-Brunswick', '1', '1-580-1-9', 'Médecine vétérinaire (Doctorat de 1er cycle) - Campus Rimouski', 'Universitaires', '8', '1-580-1-0', 'Médecine vétérinaire (Doctorat de 1er cycle) - Campus Saint-Hyacinthe', 'Collégiens', '16', '1-580-1-0', 'Médecine vétérinaire (Doctorat de 1er cycle) - Campus Saint-Hyacinthe', 'Nouveau-Brunswick', '0', '1-580-1-0', 'Médecine vétérinaire (Doctorat de 1er cycle) - Campus Saint-Hyacinthe', 'Universitaires', '9', '1-580-1-0', "Médecine vétérinaire (Doctorat de 1er cycle) - Liste d'attente commune aux 2 campus", 'Collégiens', '16', '1-580-1-0', "Médecine vétérinaire (Doctorat de 1er cycle) - Liste d'attente commune aux 2 campus", 'Collégiens - Commun', '20', '1-580-1-0', "Médecine vétérinaire (Doctorat de 1er cycle) - Liste d'attente commune aux 2 campus", 'Nouveau-Brunswick', '0', '1-580-1-0', "Médecine vétérinaire (Doctorat de 1er cycle) - Liste d'attente commune aux 2 campus", 'Nouveau-Brunswick  - Commun', '1', '1-580-1-0', "Médecine vétérinaire (Doctorat de 1er cycle) - Liste d'attente commune aux 2 campus", 'Universitaires', '9', '1-580-1-0', "Médecine vétérinaire (Doctorat de 1er cycle) - Liste d'attente commune aux 2 campus", 'Universitaires  - Commun', '9', '1-580-1-9', "Médecine vétérinaire (Doctorat de 1er cycle) - Liste d'attente commune aux 2 campus", 'Collégiens', '20', '1-500-1-0', 'Microbiologie et immunologie (Baccalauréat)', 'Collégiens', '0', '1-500-1-0', 'Microbiologie et immunologie (Baccalauréat)', 'Universitaires', '0', '1-220-1-2', 'Neuroscience cognitive (Baccalauréat)', 'Collégiens', '0', '1-220-1-2', 'Neuroscience cognitive (Baccalauréat)', 'Universitaires', '0', '1-530-1-0', 'Neurosciences (Baccalauréat)', 'Collégiens', '27', 'LISTES D’ATTENTE', 'Automne 2025', 'Avertissement : Pour être valide, une offre d’admission doit être signifiée par le Service de l’admission dans votre Centre étudiant.', 'Afin d’éviter des désagréments, il est recommandé d’attendre la réception de cette offre avant d’entreprendre toute démarche.', 'Université de Montréal', '2025-06-05', 'Page 1', 'Code', 'Programme', 'Catégorie', 'Rang', '1-530-1-0', 'Neurosciences (Baccalauréat)', 'Universitaires', '3', '1-320-1-0', 'Nutrition (Baccalauréat)', 'Collégiens', '16', '1-320-1-0', 'Nutrition (Baccalauréat)', 'Universitaires', '15', '1-655-1-8', 'Optométrie (Actualisation)', 'Candidats ayant passé le TECCO', '0', '1-655-1-8', 'Optométrie (Actualisation)', "Titulaires d'une maîtrise en sciences de la vision", "de l'École d'optométrie de l'UdeM", '0', '1-655-1-1', 'Optométrie (Doctorat de 1er cycle)', 'Collégiens', '8', '1-655-1-1', 'Optométrie (Doctorat de 1er cycle)', 'Collégiens - régions éloignées', 'Fermée (0)', '1-655-1-1', 'Optométrie (Doctorat de 1er cycle)', 'Nouveau-Brunswick', '0', '1-655-1-1', 'Optométrie (Doctorat de 1er cycle)', 'Ontario', '0', '1-655-1-1', 'Optométrie (Doctorat de 1er cycle)', 'Universitaires', '8', '1-655-1-1', 'Optométrie (Doctorat de 1er cycle)', 'Universitaires - régions éloignées', 'Fermée (0)', '1-675-1-1', 'Pharmacie (Doctorat de 1er cycle)', 'Collégien', '65', '1-675-1-1', 'Pharmacie (Doctorat de 1er cycle)', 'Nouveau-Brunswick', '0', '1-675-1-1', 'Pharmacie (Doctorat de 1er cycle)', 'Ontario', '0', '1-675-1-1', 'Pharmacie (Doctorat de 1er cycle)', 'Universitaire', '23', '1-745-1-1', 'Physiothérapie (Baccalauréat)', 'Collégiens', '0', '1-745-1-1', 'Physiothérapie (Baccalauréat)', 'Entente N.-B.', '3', '1-745-1-1', 'Physiothérapie (Baccalauréat)', 'Techniciens en physiothérapie', '1', '1-745-1-1', 'Physiothérapie (Baccalauréat)', 'Universitaires', '0', '1-210-1-0', 'Psychoéducation (Baccalauréat)', 'Collégiens', '52', '1-210-1-0', 'Psychoéducation (Baccalauréat)', 'Universitaires', '8', '1-210-4-0', 'Psychoéducation (Mineure)', 'Collégiens', '0', '1-210-4-0', 'Psychoéducation (Mineure)', 'Universitaires', '0', '1-220-1-0', 'Psychologie (Baccalauréat)', 'Collégiens', '0', '1-220-1-0', 'Psychologie (Baccalauréat)', 'Universitaires', '0', '1-675-1-2', 'Qualification en Pharmacie', 'Diplômés dans la discipline', '0', '1-675-1-8', 'Qualification en Pharmacie- année préparatoire', 'Diplômés dans la discipline-formation', 'préparatoire', '0', '1-235-1-0', 'Sciences biologiques (Baccalauréat)', 'Collégiens', '20', '1-235-1-0', 'Sciences biologiques (Baccalauréat)', 'Universitaires', '4', '1-235-2-0', 'Sciences biologiques (Majeure)', 'Collégiens', '0', '1-235-2-0', 'Sciences biologiques (Majeure)', 'Universitaires', '0', '1-235-4-0', 'Sciences biologiques (Mineure)', 'Collégiens', '0', '1-235-4-0', 'Sciences biologiques (Mineure)', 'Universitaires', '0', '1-484-1-0', 'Sciences biomédicales (Baccalauréat)', 'Collégiens', '10', '1-484-1-0', 'Sciences biomédicales (Baccalauréat)', 'Universitaires', '0', '1-670-1-0', 'Sciences biopharmaceutiques (Baccalauréat)', 'Collégiens', '23', '1-670-1-0', 'Sciences biopharmaceutiques (Baccalauréat)', 'Universitaires', '1', '1-250-1-1', 'Travail social (Baccalauréat)', 'Collégiens', '0', '1-250-1-1', 'Travail social (Baccalauréat)', 'Techniciens', '0', '1-250-1-1', 'Travail social (Baccalauréat)', 'Transferts', '0', '1-250-1-1', 'Travail social (Baccalauréat)', 'Universitaires', '0', '1-250-1-5', 'Travail social (Baccalauréat) - Campus Laval', 'Collégiens', '0', '1-250-1-5', 'Travail social (Baccalauréat) - Campus Laval', 'Techniciens', '0', '1-250-1-5', 'Travail social (Baccalauréat) - Campus Laval', 'Transferts', '0', '1-250-1-5', 'Travail social (Baccalauréat) - Campus Laval', 'Universitaires', '0', '1-025-1-0', 'Urbanisme (Baccalauréat)', 'Collégiens', 'Tous (11)', '1-025-1-0', 'Urbanisme (Baccalauréat)', 'Universitaires', 'Tous (3)', 'Université de Montréal', '2025-06-05', 'Page 2']
2025-06-07 10:13:37,446 - DEBUG - keyword=1-450-4-9, keyword2=Médecine (Année préparatoire au doctorat) - Campus Mauricie, keyword3=Collégiens
2025-06-07 10:13:37,457 - DEBUG - Smart PDF match found: 1-450-4-9 | Médecine (Année préparatoire au doctorat) - Campus Mauricie | Collégiens | Value: 50
2025-06-07 10:13:37,460 - INFO - Smart PDF match found: 1-450-4-9 | Médecine (Année préparatoire au doctorat) - Campus Mauricie | Collégiens | Value: 50
2025-06-07 10:13:37,532 - DEBUG - Checking target: UdeM Den-P Montreal WL (pdf)
2025-06-07 10:13:37,532 - DEBUG - keywords=1-300-1-0, Médecine dentaire (Doctorat de 1er cycle), Collégiens
2025-06-07 10:13:37,532 - DEBUG - Downloading PDF from https://admission.umontreal.ca/fileadmin/fichiers/documents/liste_attente/LA.pdf to udem_denp_montreal.pdf
2025-06-07 10:13:37,548 - DEBUG - Starting new HTTPS connection (1): admission.umontreal.ca:443
2025-06-07 10:13:37,634 - DEBUG - https://admission.umontreal.ca:443 "GET /fileadmin/fichiers/documents/liste_attente/LA.pdf HTTP/11" 200 229021
2025-06-07 10:13:38,688 - DEBUG - Extracted 284 lines from page page 0 of udem_denp_montreal.pdf
2025-06-07 10:13:38,708 - DEBUG - Extracted 197 lines from page page 1 of udem_denp_montreal.pdf
2025-06-07 10:13:38,714 - DEBUG - Searching for keyword '1-300-1-0' in PDF text lines ['Voir:', 'https://admission.umontreal.ca/admission/apres-la-demande/recevoir-une-reponse/', 'LÉGENDE', '0', 'Aucune offre n’a été faite aux candidats en liste d’attente.', 'Fermée', 'Fermeture de la liste d’attente', 'Tous', 'Tous les candidats de la liste d’attente ont reçu une offre.', 'Le dernier candidat ayant reçu une offre d’admission avait le rang :', 'Code', 'Programme', 'Catégorie', 'Rang', '1-010-1-3', 'Architecture (Baccalauréat)', 'Collégiens', '16', '1-010-1-3', 'Architecture (Baccalauréat)', 'Techniciens', '2', '1-010-1-3', 'Architecture (Baccalauréat)', 'Universitaires', '12', '1-020-1-0', 'Architecture de paysage (Baccalauréat)', 'Collégiens', '0', '1-020-1-0', 'Architecture de paysage (Baccalauréat)', 'Universitaires', '0', '1-465-1-1', 'Biochimie/méd. molécul. (Baccalauréat)', 'Collégiens', '40', '1-465-1-1', 'Biochimie/méd. molécul. (Baccalauréat)', 'Universitaires', '4', '1-171-1-2', 'Cinéma et arts médiatiques (Baccalauréat)', 'Collégiens', '1', '1-171-1-2', 'Cinéma et arts médiatiques (Baccalauréat)', 'Universitaires', '0', '1-065-1-0', 'Criminologie (Baccalauréat)', 'Collégiens', '25', '1-065-1-0', 'Criminologie (Baccalauréat)', 'Transferts', '1', '1-065-1-0', 'Criminologie (Baccalauréat)', 'Universitaires', '8', '1-065-4-0', 'Criminologie (Mineure)', 'Collégiens', '5', '1-065-4-0', 'Criminologie (Mineure)', 'Universitaires', '1', '1-021-4-0', 'Design des jardins (Mineure)', 'Collégiens', '0', '1-021-4-0', 'Design des jardins (Mineure)', 'Universitaires', '0', '1-016-1-0', "Design d'intérieur (Baccalauréat)", 'Collégiens', '15', '1-016-1-0', "Design d'intérieur (Baccalauréat)", 'Universitaires', '12', '1-015-1-0', 'Design industriel (Baccalauréat)', 'Collégiens', '4', '1-015-1-0', 'Design industriel (Baccalauréat)', 'Universitaires', 'Tous (3)', '1-325-1-0', 'Droit (Baccalauréat)', 'Collégiens', '82', '1-325-1-0', 'Droit (Baccalauréat)', 'Diversité', '1', '1-325-1-0', 'Droit (Baccalauréat)', 'Universitaires', '80', '1-822-1-0', 'Éduc. physique et santé (Baccalauréat)', 'Collégiens', '10', '1-822-1-0', 'Éduc. physique et santé (Baccalauréat)', 'Universitaires', '2', '1-740-1-1', 'Ergothérapie (Baccalauréat)', 'Collégiens', '53', '1-740-1-1', 'Ergothérapie (Baccalauréat)', 'Nouveau-Brunswick', '0', '1-740-1-1', 'Ergothérapie (Baccalauréat)', 'Universitaires', '19', '1-960-1-3', 'Études internationales (Baccalauréat)', 'Collégiens', '0', '1-960-1-3', 'Études internationales (Baccalauréat)', 'Universitaires', '0', '1-352-1-0', 'Kinésiologie (Baccalauréat)', 'Collégiens', '90', '1-352-1-0', 'Kinésiologie (Baccalauréat)', 'Universitaires', '18', '1-450-4-9', 'Médecine (Année préparatoire au doctorat) - Campus Mauricie', 'Collégiens', '50', '1-450-4-9', 'Médecine (Année préparatoire au doctorat) - Campus Mauricie', 'Universitaires bacheliers', '17', '1-450-4-0', 'Médecine (Année préparatoire au doctorat) - Campus Montréal', 'Collégiens', '39', '1-450-4-0', 'Médecine (Année préparatoire au doctorat) - Campus Montréal', 'Collégiens Accès médecine', '0', '1-450-4-0', 'Médecine (Année préparatoire au doctorat) - Campus Montréal', 'Nouveau-Brunswick', 'Tous (3)', '1-450-4-0', 'Médecine (Année préparatoire au doctorat) - Campus Montréal', 'Universitaires bacheliers', '0', '1-450-1-9', 'Médecine (Doctorat de 1er cycle) - Campus Mauricie', 'Universitaires bacheliers', '22', '1-450-1-0', 'Médecine (Doctorat de 1er cycle) - Campus Montréal', 'Candidat international', '0', '1-450-1-0', 'Médecine (Doctorat de 1er cycle) - Campus Montréal', 'Universitaires avec doctorat de recherche', '0', '1-450-1-0', 'Médecine (Doctorat de 1er cycle) - Campus Montréal', 'Universitaires bacheliers', '18', '1-300-1-0', 'Médecine dentaire (Doctorat de 1er cycle)', 'Collégiens', '22', '1-300-1-0', 'Médecine dentaire (Doctorat de 1er cycle)', 'Nouveau-Brunswick', '0', '1-300-1-0', 'Médecine dentaire (Doctorat de 1er cycle)', 'Universitaires', '16', '1-580-1-0', 'Médecine vétérinaire (Doctorat de 1er cycle)', "Candidat ayant réussi la 1re année d'un doctorat", "en médecine vétérinaire d'une université", 'étrangère agréée par la AVMA', '0', '1-580-1-0', 'Médecine vétérinaire (Doctorat de 1er cycle)', "Titulaire d'un doctorat en médecine vétérinaire", "d'une université étrangère", '0', '1-580-1-9', 'Médecine vétérinaire (Doctorat de 1er cycle) - Campus Rimouski', 'Collégiens', '20', '1-580-1-9', 'Médecine vétérinaire (Doctorat de 1er cycle) - Campus Rimouski', 'Nouveau-Brunswick', '1', '1-580-1-9', 'Médecine vétérinaire (Doctorat de 1er cycle) - Campus Rimouski', 'Universitaires', '8', '1-580-1-0', 'Médecine vétérinaire (Doctorat de 1er cycle) - Campus Saint-Hyacinthe', 'Collégiens', '16', '1-580-1-0', 'Médecine vétérinaire (Doctorat de 1er cycle) - Campus Saint-Hyacinthe', 'Nouveau-Brunswick', '0', '1-580-1-0', 'Médecine vétérinaire (Doctorat de 1er cycle) - Campus Saint-Hyacinthe', 'Universitaires', '9', '1-580-1-0', "Médecine vétérinaire (Doctorat de 1er cycle) - Liste d'attente commune aux 2 campus", 'Collégiens', '16', '1-580-1-0', "Médecine vétérinaire (Doctorat de 1er cycle) - Liste d'attente commune aux 2 campus", 'Collégiens - Commun', '20', '1-580-1-0', "Médecine vétérinaire (Doctorat de 1er cycle) - Liste d'attente commune aux 2 campus", 'Nouveau-Brunswick', '0', '1-580-1-0', "Médecine vétérinaire (Doctorat de 1er cycle) - Liste d'attente commune aux 2 campus", 'Nouveau-Brunswick  - Commun', '1', '1-580-1-0', "Médecine vétérinaire (Doctorat de 1er cycle) - Liste d'attente commune aux 2 campus", 'Universitaires', '9', '1-580-1-0', "Médecine vétérinaire (Doctorat de 1er cycle) - Liste d'attente commune aux 2 campus", 'Universitaires  - Commun', '9', '1-580-1-9', "Médecine vétérinaire (Doctorat de 1er cycle) - Liste d'attente commune aux 2 campus", 'Collégiens', '20', '1-500-1-0', 'Microbiologie et immunologie (Baccalauréat)', 'Collégiens', '0', '1-500-1-0', 'Microbiologie et immunologie (Baccalauréat)', 'Universitaires', '0', '1-220-1-2', 'Neuroscience cognitive (Baccalauréat)', 'Collégiens', '0', '1-220-1-2', 'Neuroscience cognitive (Baccalauréat)', 'Universitaires', '0', '1-530-1-0', 'Neurosciences (Baccalauréat)', 'Collégiens', '27', 'LISTES D’ATTENTE', 'Automne 2025', 'Avertissement : Pour être valide, une offre d’admission doit être signifiée par le Service de l’admission dans votre Centre étudiant.', 'Afin d’éviter des désagréments, il est recommandé d’attendre la réception de cette offre avant d’entreprendre toute démarche.', 'Université de Montréal', '2025-06-05', 'Page 1', 'Code', 'Programme', 'Catégorie', 'Rang', '1-530-1-0', 'Neurosciences (Baccalauréat)', 'Universitaires', '3', '1-320-1-0', 'Nutrition (Baccalauréat)', 'Collégiens', '16', '1-320-1-0', 'Nutrition (Baccalauréat)', 'Universitaires', '15', '1-655-1-8', 'Optométrie (Actualisation)', 'Candidats ayant passé le TECCO', '0', '1-655-1-8', 'Optométrie (Actualisation)', "Titulaires d'une maîtrise en sciences de la vision", "de l'École d'optométrie de l'UdeM", '0', '1-655-1-1', 'Optométrie (Doctorat de 1er cycle)', 'Collégiens', '8', '1-655-1-1', 'Optométrie (Doctorat de 1er cycle)', 'Collégiens - régions éloignées', 'Fermée (0)', '1-655-1-1', 'Optométrie (Doctorat de 1er cycle)', 'Nouveau-Brunswick', '0', '1-655-1-1', 'Optométrie (Doctorat de 1er cycle)', 'Ontario', '0', '1-655-1-1', 'Optométrie (Doctorat de 1er cycle)', 'Universitaires', '8', '1-655-1-1', 'Optométrie (Doctorat de 1er cycle)', 'Universitaires - régions éloignées', 'Fermée (0)', '1-675-1-1', 'Pharmacie (Doctorat de 1er cycle)', 'Collégien', '65', '1-675-1-1', 'Pharmacie (Doctorat de 1er cycle)', 'Nouveau-Brunswick', '0', '1-675-1-1', 'Pharmacie (Doctorat de 1er cycle)', 'Ontario', '0', '1-675-1-1', 'Pharmacie (Doctorat de 1er cycle)', 'Universitaire', '23', '1-745-1-1', 'Physiothérapie (Baccalauréat)', 'Collégiens', '0', '1-745-1-1', 'Physiothérapie (Baccalauréat)', 'Entente N.-B.', '3', '1-745-1-1', 'Physiothérapie (Baccalauréat)', 'Techniciens en physiothérapie', '1', '1-745-1-1', 'Physiothérapie (Baccalauréat)', 'Universitaires', '0', '1-210-1-0', 'Psychoéducation (Baccalauréat)', 'Collégiens', '52', '1-210-1-0', 'Psychoéducation (Baccalauréat)', 'Universitaires', '8', '1-210-4-0', 'Psychoéducation (Mineure)', 'Collégiens', '0', '1-210-4-0', 'Psychoéducation (Mineure)', 'Universitaires', '0', '1-220-1-0', 'Psychologie (Baccalauréat)', 'Collégiens', '0', '1-220-1-0', 'Psychologie (Baccalauréat)', 'Universitaires', '0', '1-675-1-2', 'Qualification en Pharmacie', 'Diplômés dans la discipline', '0', '1-675-1-8', 'Qualification en Pharmacie- année préparatoire', 'Diplômés dans la discipline-formation', 'préparatoire', '0', '1-235-1-0', 'Sciences biologiques (Baccalauréat)', 'Collégiens', '20', '1-235-1-0', 'Sciences biologiques (Baccalauréat)', 'Universitaires', '4', '1-235-2-0', 'Sciences biologiques (Majeure)', 'Collégiens', '0', '1-235-2-0', 'Sciences biologiques (Majeure)', 'Universitaires', '0', '1-235-4-0', 'Sciences biologiques (Mineure)', 'Collégiens', '0', '1-235-4-0', 'Sciences biologiques (Mineure)', 'Universitaires', '0', '1-484-1-0', 'Sciences biomédicales (Baccalauréat)', 'Collégiens', '10', '1-484-1-0', 'Sciences biomédicales (Baccalauréat)', 'Universitaires', '0', '1-670-1-0', 'Sciences biopharmaceutiques (Baccalauréat)', 'Collégiens', '23', '1-670-1-0', 'Sciences biopharmaceutiques (Baccalauréat)', 'Universitaires', '1', '1-250-1-1', 'Travail social (Baccalauréat)', 'Collégiens', '0', '1-250-1-1', 'Travail social (Baccalauréat)', 'Techniciens', '0', '1-250-1-1', 'Travail social (Baccalauréat)', 'Transferts', '0', '1-250-1-1', 'Travail social (Baccalauréat)', 'Universitaires', '0', '1-250-1-5', 'Travail social (Baccalauréat) - Campus Laval', 'Collégiens', '0', '1-250-1-5', 'Travail social (Baccalauréat) - Campus Laval', 'Techniciens', '0', '1-250-1-5', 'Travail social (Baccalauréat) - Campus Laval', 'Transferts', '0', '1-250-1-5', 'Travail social (Baccalauréat) - Campus Laval', 'Universitaires', '0', '1-025-1-0', 'Urbanisme (Baccalauréat)', 'Collégiens', 'Tous (11)', '1-025-1-0', 'Urbanisme (Baccalauréat)', 'Universitaires', 'Tous (3)', 'Université de Montréal', '2025-06-05', 'Page 2']
2025-06-07 10:13:38,719 - DEBUG - keyword=1-300-1-0, keyword2=Médecine dentaire (Doctorat de 1er cycle), keyword3=Collégiens
2025-06-07 10:13:38,724 - DEBUG - Smart PDF match found: 1-300-1-0 | Médecine dentaire (Doctorat de 1er cycle) | Collégiens | Value: 22
2025-06-07 10:13:38,732 - INFO - Smart PDF match found: 1-300-1-0 | Médecine dentaire (Doctorat de 1er cycle) | Collégiens | Value: 22
2025-06-07 10:13:38,843 - DEBUG - Checking target: McGill Med-P WL (html_table_row)
2025-06-07 10:13:38,843 - DEBUG - Parsing HTML table at https://www.mcgill.ca/medadmissions/after-youve-applied/waitlist-post-interview for keyword 'Med-P'
2025-06-07 10:13:38,843 - DEBUG - Starting new HTTPS connection (1): www.mcgill.ca:443
2025-06-07 10:13:38,906 - DEBUG - https://www.mcgill.ca:443 "GET /medadmissions/after-youve-applied/waitlist-post-interview HTTP/11" 200 338
2025-06-07 10:13:38,906 - DEBUG - Checking target: UdeS Med-P WL (html_table_row)
2025-06-07 10:13:38,922 - DEBUG - Parsing HTML table at https://www.usherbrooke.ca/etudes-medecine/programmes-detudes/doctorat-en-medecine/admission/suivi-des-admissions for keyword 'Contingent québécois, catégorie collégiale'
2025-06-07 10:13:38,922 - DEBUG - Starting new HTTPS connection (1): www.usherbrooke.ca:443
2025-06-07 10:13:39,080 - DEBUG - https://www.usherbrooke.ca:443 "GET /etudes-medecine/programmes-detudes/doctorat-en-medecine/admission/suivi-des-admissions HTTP/11" 200 None
2025-06-07 10:13:39,176 - DEBUG - Table: Groupe d'admissionRang sur la liste d'excellenceContingent québécois, catégorie collégialeSherbrooke : 338eMontérégie : 241eSaguenay : 375eContingent québécois, catégorie collégiale (Voie médecine pour la diversité socioéconomique)Voie médecine : 7eContingent québécois, catégorie universitaireSherbrooke : 92eMontérégie : 17eSaguenay : 113eContingent québécois, catégorie universitaire (profils particuliers)Marché du travail : 5eSciences humaines et sociales : 2eDoctorat de recherche : 1erContingent du Nouveau-Brunswick, catégorie DSS26eContingent du Nouveau-Brunswick, catégorie universitaire8eContingent de la Nouvelle-Écosse3eContingent des personnes hors Québec et hors des contingents de l'Atlantique3eContingent de l'Île-du-Prince-Édouard1erContingent international1erContingent du programme militaire d'études en médecineS.O.
2025-06-07 10:13:39,191 - DEBUG - Row: Groupe d'admissionRang sur la liste d'excellence
2025-06-07 10:13:39,191 - DEBUG - Normalized Cell Text: groupe d'admission
2025-06-07 10:13:39,205 - DEBUG - Row: Contingent québécois, catégorie collégialeSherbrooke : 338eMontérégie : 241eSaguenay : 375e
2025-06-07 10:13:39,207 - DEBUG - Normalized Cell Text: contingent quebecois, categorie collegiale
2025-06-07 10:13:39,207 - INFO - Match found: contingent quebecois, categorie collegiale | Sherbrooke : 338eMontérégie : 241eSaguenay : 375e
2025-06-07 10:13:39,305 - DEBUG - Sending email to admins: ['andyxuan2010@gmail.com'] with BCC to recipients: ['andyxuan2010@gmail.com']
2025-06-07 10:13:39,318 - DEBUG - Also sending SMS notification to: ['5146888844@txt.bell.ca']
2025-06-27 10:13:42,686 - INFO - Subject: Med-P Waiting List Update Report – students | Sending to: ['andyxuan2010@gmail.com']
test
